Archive member included to satisfy reference by file (symbol)

/usr/lib/gcc/arm-none-eabi/13.2.1/../../../arm-none-eabi/lib/thumb/v7e-m/nofp/libc_nano.a(libc_a-sprintf.o)
                              ./Output/main.o (sprintf)
/usr/lib/gcc/arm-none-eabi/13.2.1/../../../arm-none-eabi/lib/thumb/v7e-m/nofp/libc_nano.a(libc_a-impure.o)
                              /usr/lib/gcc/arm-none-eabi/13.2.1/../../../arm-none-eabi/lib/thumb/v7e-m/nofp/libc_nano.a(libc_a-sprintf.o) (_impure_ptr)
/usr/lib/gcc/arm-none-eabi/13.2.1/../../../arm-none-eabi/lib/thumb/v7e-m/nofp/libc_nano.a(libc_a-nano-svfprintf.o)
                              /usr/lib/gcc/arm-none-eabi/13.2.1/../../../arm-none-eabi/lib/thumb/v7e-m/nofp/libc_nano.a(libc_a-sprintf.o) (_svfprintf_r)
/usr/lib/gcc/arm-none-eabi/13.2.1/../../../arm-none-eabi/lib/thumb/v7e-m/nofp/libc_nano.a(libc_a-strlen.o)
                              ./Output/tasks.o (strlen)
/usr/lib/gcc/arm-none-eabi/13.2.1/../../../arm-none-eabi/lib/thumb/v7e-m/nofp/libc_nano.a(libc_a-memset.o)
                              ./Output/tasks.o (memset)
/usr/lib/gcc/arm-none-eabi/13.2.1/../../../arm-none-eabi/lib/thumb/v7e-m/nofp/libc_nano.a(libc_a-mallocr.o)
                              /usr/lib/gcc/arm-none-eabi/13.2.1/../../../arm-none-eabi/lib/thumb/v7e-m/nofp/libc_nano.a(libc_a-nano-svfprintf.o) (_malloc_r)
/usr/lib/gcc/arm-none-eabi/13.2.1/../../../arm-none-eabi/lib/thumb/v7e-m/nofp/libc_nano.a(libc_a-freer.o)
                              /usr/lib/gcc/arm-none-eabi/13.2.1/../../../arm-none-eabi/lib/thumb/v7e-m/nofp/libc_nano.a(libc_a-nano-svfprintf.o) (_free_r)
/usr/lib/gcc/arm-none-eabi/13.2.1/../../../arm-none-eabi/lib/thumb/v7e-m/nofp/libc_nano.a(libc_a-memmove.o)
                              /usr/lib/gcc/arm-none-eabi/13.2.1/../../../arm-none-eabi/lib/thumb/v7e-m/nofp/libc_nano.a(libc_a-nano-svfprintf.o) (memmove)
/usr/lib/gcc/arm-none-eabi/13.2.1/../../../arm-none-eabi/lib/thumb/v7e-m/nofp/libc_nano.a(libc_a-memchr.o)
                              /usr/lib/gcc/arm-none-eabi/13.2.1/../../../arm-none-eabi/lib/thumb/v7e-m/nofp/libc_nano.a(libc_a-nano-svfprintf.o) (memchr)
/usr/lib/gcc/arm-none-eabi/13.2.1/../../../arm-none-eabi/lib/thumb/v7e-m/nofp/libc_nano.a(libc_a-memcpy.o)
                              ./Output/queue.o (memcpy)
/usr/lib/gcc/arm-none-eabi/13.2.1/../../../arm-none-eabi/lib/thumb/v7e-m/nofp/libc_nano.a(libc_a-reallocr.o)
                              /usr/lib/gcc/arm-none-eabi/13.2.1/../../../arm-none-eabi/lib/thumb/v7e-m/nofp/libc_nano.a(libc_a-nano-svfprintf.o) (_realloc_r)
/usr/lib/gcc/arm-none-eabi/13.2.1/../../../arm-none-eabi/lib/thumb/v7e-m/nofp/libc_nano.a(libc_a-nano-vfprintf_i.o)
                              /usr/lib/gcc/arm-none-eabi/13.2.1/../../../arm-none-eabi/lib/thumb/v7e-m/nofp/libc_nano.a(libc_a-nano-svfprintf.o) (_printf_i)
/usr/lib/gcc/arm-none-eabi/13.2.1/../../../arm-none-eabi/lib/thumb/v7e-m/nofp/libc_nano.a(libc_a-mlock.o)
                              /usr/lib/gcc/arm-none-eabi/13.2.1/../../../arm-none-eabi/lib/thumb/v7e-m/nofp/libc_nano.a(libc_a-mallocr.o) (__malloc_lock)
/usr/lib/gcc/arm-none-eabi/13.2.1/../../../arm-none-eabi/lib/thumb/v7e-m/nofp/libc_nano.a(libc_a-sbrkr.o)
                              /usr/lib/gcc/arm-none-eabi/13.2.1/../../../arm-none-eabi/lib/thumb/v7e-m/nofp/libc_nano.a(libc_a-mallocr.o) (_sbrk_r)
/usr/lib/gcc/arm-none-eabi/13.2.1/../../../arm-none-eabi/lib/thumb/v7e-m/nofp/libc_nano.a(libc_a-msizer.o)
                              /usr/lib/gcc/arm-none-eabi/13.2.1/../../../arm-none-eabi/lib/thumb/v7e-m/nofp/libc_nano.a(libc_a-reallocr.o) (_malloc_usable_size_r)
/usr/lib/gcc/arm-none-eabi/13.2.1/../../../arm-none-eabi/lib/thumb/v7e-m/nofp/libc_nano.a(libc_a-reent.o)
                              /usr/lib/gcc/arm-none-eabi/13.2.1/../../../arm-none-eabi/lib/thumb/v7e-m/nofp/libc_nano.a(libc_a-sbrkr.o) (errno)
/usr/lib/gcc/arm-none-eabi/13.2.1/../../../arm-none-eabi/lib/thumb/v7e-m/nofp/libnosys.a(sbrk.o)
                              /usr/lib/gcc/arm-none-eabi/13.2.1/../../../arm-none-eabi/lib/thumb/v7e-m/nofp/libc_nano.a(libc_a-sbrkr.o) (_sbrk)

Discarded input sections

 .group         0x00000000        0xc ./Output/tasks.o
 .group         0x00000000        0xc ./Output/tasks.o
 .group         0x00000000        0xc ./Output/tasks.o
 .group         0x00000000        0xc ./Output/tasks.o
 .group         0x00000000        0xc ./Output/tasks.o
 .group         0x00000000        0xc ./Output/tasks.o
 .group         0x00000000        0xc ./Output/tasks.o
 .group         0x00000000        0xc ./Output/tasks.o
 .group         0x00000000        0xc ./Output/tasks.o
 .group         0x00000000        0xc ./Output/tasks.o
 .group         0x00000000        0xc ./Output/tasks.o
 .group         0x00000000        0xc ./Output/tasks.o
 .group         0x00000000        0xc ./Output/tasks.o
 .group         0x00000000        0xc ./Output/tasks.o
 .group         0x00000000        0xc ./Output/tasks.o
 .group         0x00000000        0xc ./Output/tasks.o
 .group         0x00000000        0xc ./Output/tasks.o
 .group         0x00000000        0xc ./Output/tasks.o
 .group         0x00000000        0xc ./Output/tasks.o
 .group         0x00000000        0xc ./Output/tasks.o
 .group         0x00000000        0xc ./Output/tasks.o
 .group         0x00000000        0xc ./Output/tasks.o
 .group         0x00000000        0xc ./Output/tasks.o
 .group         0x00000000        0xc ./Output/tasks.o
 .group         0x00000000        0xc ./Output/tasks.o
 .group         0x00000000        0xc ./Output/tasks.o
 .group         0x00000000        0xc ./Output/tasks.o
 .group         0x00000000        0xc ./Output/tasks.o
 .group         0x00000000        0xc ./Output/tasks.o
 .group         0x00000000        0xc ./Output/tasks.o
 .group         0x00000000        0xc ./Output/tasks.o
 .group         0x00000000        0xc ./Output/tasks.o
 .group         0x00000000        0xc ./Output/tasks.o
 .group         0x00000000        0xc ./Output/tasks.o
 .group         0x00000000        0xc ./Output/tasks.o
 .group         0x00000000        0xc ./Output/tasks.o
 .text          0x00000000        0x0 ./Output/tasks.o
 .data          0x00000000        0x0 ./Output/tasks.o
 .bss           0x00000000        0x0 ./Output/tasks.o
 .text.prvSearchForNameWithinSingleList
                0x00000000       0x3e ./Output/tasks.o
 .text.prvTaskIsTaskSuspended
                0x00000000       0x40 ./Output/tasks.o
 .text.vTaskDelete
                0x00000000       0xd4 ./Output/tasks.o
 .text.eTaskGetState
                0x00000000       0x98 ./Output/tasks.o
 .text.uxTaskPriorityGet
                0x00000000       0x20 ./Output/tasks.o
 .text.uxTaskPriorityGetFromISR
                0x00000000       0x34 ./Output/tasks.o
 .text.uxTaskBasePriorityGet
                0x00000000       0x20 ./Output/tasks.o
 .text.uxTaskBasePriorityGetFromISR
                0x00000000       0x34 ./Output/tasks.o
 .text.vTaskPrioritySet
                0x00000000       0xe0 ./Output/tasks.o
 .text.vTaskResume
                0x00000000       0x88 ./Output/tasks.o
 .text.xTaskResumeFromISR
                0x00000000       0xa8 ./Output/tasks.o
 .text.vTaskEndScheduler
                0x00000000       0x34 ./Output/tasks.o
 .text.xTaskGetTickCount
                0x00000000        0xc ./Output/tasks.o
 .text.xTaskGetTickCountFromISR
                0x00000000       0x10 ./Output/tasks.o
 .text.uxTaskGetNumberOfTasks
                0x00000000        0xc ./Output/tasks.o
 .text.pcTaskGetName
                0x00000000       0x14 ./Output/tasks.o
 .text.xTaskGetIdleTaskHandle
                0x00000000       0x10 ./Output/tasks.o
 .text.xTaskGetIdleTaskHandleForCore
                0x00000000       0x14 ./Output/tasks.o
 .text.xTaskDelayUntil
                0x00000000       0x6c ./Output/tasks.o
 .text.xTaskGetHandle
                0x00000000       0x78 ./Output/tasks.o
 .text.xTaskCatchUpTicks
                0x00000000       0x30 ./Output/tasks.o
 .text.xTaskAbortDelay
                0x00000000       0x98 ./Output/tasks.o
 .text.vTaskSuspend
                0x00000000       0xe8 ./Output/tasks.o
 .text.vTaskPlaceOnEventList
                0x00000000       0x24 ./Output/tasks.o
 .text.vTaskPlaceOnUnorderedEventList
                0x00000000       0x50 ./Output/tasks.o
 .text.xTaskRemoveFromEventList
                0x00000000       0xbc ./Output/tasks.o
 .text.vTaskRemoveFromUnorderedEventList
                0x00000000       0xa4 ./Output/tasks.o
 .text.vTaskSetTimeOutState
                0x00000000       0x28 ./Output/tasks.o
 .text.vTaskInternalSetTimeOutState
                0x00000000       0x18 ./Output/tasks.o
 .text.xTaskCheckForTimeOut
                0x00000000       0x70 ./Output/tasks.o
 .text.vTaskMissedYield
                0x00000000        0xc ./Output/tasks.o
 .text.uxTaskGetStackHighWaterMark
                0x00000000       0x20 ./Output/tasks.o
 .text.xTaskGetCurrentTaskHandle
                0x00000000        0xc ./Output/tasks.o
 .text.xTaskGetCurrentTaskHandleForCore
                0x00000000       0x10 ./Output/tasks.o
 .text.xTaskGetSchedulerState
                0x00000000       0x20 ./Output/tasks.o
 .text.xTaskPriorityInherit
                0x00000000       0xa0 ./Output/tasks.o
 .text.xTaskPriorityDisinherit
                0x00000000       0x84 ./Output/tasks.o
 .text.vTaskPriorityDisinheritAfterTimeout
                0x00000000       0x98 ./Output/tasks.o
 .text.uxTaskResetEventItemValue
                0x00000000       0x18 ./Output/tasks.o
 .text.pvTaskIncrementMutexHeldCount
                0x00000000       0x14 ./Output/tasks.o
 .text.ulTaskGenericNotifyTake
                0x00000000       0xa0 ./Output/tasks.o
 .text.xTaskGenericNotifyWait
                0x00000000       0xd0 ./Output/tasks.o
 .text.xTaskGenericNotify
                0x00000000      0x104 ./Output/tasks.o
 .text.xTaskGenericNotifyFromISR
                0x00000000      0x148 ./Output/tasks.o
 .text.vTaskGenericNotifyGiveFromISR
                0x00000000       0xf4 ./Output/tasks.o
 .text.xTaskGenericNotifyStateClear
                0x00000000       0x3c ./Output/tasks.o
 .text.ulTaskGenericNotifyValueClear
                0x00000000       0x38 ./Output/tasks.o
 .text.vTaskResetState
                0x00000000       0x64 ./Output/tasks.o
 .group         0x00000000        0xc ./Output/list.o
 .group         0x00000000        0xc ./Output/list.o
 .group         0x00000000        0xc ./Output/list.o
 .group         0x00000000        0xc ./Output/list.o
 .group         0x00000000        0xc ./Output/list.o
 .group         0x00000000        0xc ./Output/list.o
 .group         0x00000000        0xc ./Output/list.o
 .group         0x00000000        0xc ./Output/list.o
 .group         0x00000000        0xc ./Output/list.o
 .group         0x00000000        0xc ./Output/list.o
 .group         0x00000000        0xc ./Output/list.o
 .group         0x00000000        0xc ./Output/list.o
 .group         0x00000000        0xc ./Output/list.o
 .group         0x00000000        0xc ./Output/list.o
 .group         0x00000000        0xc ./Output/list.o
 .group         0x00000000        0xc ./Output/list.o
 .group         0x00000000        0xc ./Output/list.o
 .group         0x00000000        0xc ./Output/list.o
 .group         0x00000000        0xc ./Output/list.o
 .group         0x00000000        0xc ./Output/list.o
 .group         0x00000000        0xc ./Output/list.o
 .group         0x00000000        0xc ./Output/list.o
 .group         0x00000000        0xc ./Output/list.o
 .group         0x00000000        0xc ./Output/list.o
 .group         0x00000000        0xc ./Output/list.o
 .group         0x00000000        0xc ./Output/list.o
 .group         0x00000000        0xc ./Output/list.o
 .group         0x00000000        0xc ./Output/list.o
 .group         0x00000000        0xc ./Output/list.o
 .group         0x00000000        0xc ./Output/list.o
 .group         0x00000000        0xc ./Output/list.o
 .text          0x00000000        0x0 ./Output/list.o
 .data          0x00000000        0x0 ./Output/list.o
 .bss           0x00000000        0x0 ./Output/list.o
 .text.vListInsertEnd
                0x00000000       0x16 ./Output/list.o
 .debug_macro   0x00000000      0xac0 ./Output/list.o
 .debug_macro   0x00000000       0x24 ./Output/list.o
 .debug_macro   0x00000000       0x22 ./Output/list.o
 .debug_macro   0x00000000       0x60 ./Output/list.o
 .debug_macro   0x00000000       0x94 ./Output/list.o
 .debug_macro   0x00000000       0x3c ./Output/list.o
 .debug_macro   0x00000000       0x34 ./Output/list.o
 .debug_macro   0x00000000       0x16 ./Output/list.o
 .debug_macro   0x00000000      0x11c ./Output/list.o
 .debug_macro   0x00000000       0x9b ./Output/list.o
 .debug_macro   0x00000000       0x57 ./Output/list.o
 .debug_macro   0x00000000      0x370 ./Output/list.o
 .debug_macro   0x00000000       0x16 ./Output/list.o
 .debug_macro   0x00000000       0x4a ./Output/list.o
 .debug_macro   0x00000000       0x34 ./Output/list.o
 .debug_macro   0x00000000       0x10 ./Output/list.o
 .debug_macro   0x00000000       0x52 ./Output/list.o
 .debug_macro   0x00000000      0x1de ./Output/list.o
 .debug_macro   0x00000000       0x16 ./Output/list.o
 .debug_macro   0x00000000       0x29 ./Output/list.o
 .debug_macro   0x00000000      0x34e ./Output/list.o
 .debug_macro   0x00000000       0x16 ./Output/list.o
 .debug_macro   0x00000000      0x164 ./Output/list.o
 .debug_macro   0x00000000       0x22 ./Output/list.o
 .debug_macro   0x00000000      0x182 ./Output/list.o
 .debug_macro   0x00000000       0xe7 ./Output/list.o
 .debug_macro   0x00000000       0x3a ./Output/list.o
 .debug_macro   0x00000000       0x1f ./Output/list.o
 .debug_macro   0x00000000       0x12 ./Output/list.o
 .debug_macro   0x00000000      0xfec ./Output/list.o
 .debug_macro   0x00000000       0xc3 ./Output/list.o
 .group         0x00000000        0xc ./Output/queue.o
 .group         0x00000000        0xc ./Output/queue.o
 .group         0x00000000        0xc ./Output/queue.o
 .group         0x00000000        0xc ./Output/queue.o
 .group         0x00000000        0xc ./Output/queue.o
 .group         0x00000000        0xc ./Output/queue.o
 .group         0x00000000        0xc ./Output/queue.o
 .group         0x00000000        0xc ./Output/queue.o
 .group         0x00000000        0xc ./Output/queue.o
 .group         0x00000000        0xc ./Output/queue.o
 .group         0x00000000        0xc ./Output/queue.o
 .group         0x00000000        0xc ./Output/queue.o
 .group         0x00000000        0xc ./Output/queue.o
 .group         0x00000000        0xc ./Output/queue.o
 .group         0x00000000        0xc ./Output/queue.o
 .group         0x00000000        0xc ./Output/queue.o
 .group         0x00000000        0xc ./Output/queue.o
 .group         0x00000000        0xc ./Output/queue.o
 .group         0x00000000        0xc ./Output/queue.o
 .group         0x00000000        0xc ./Output/queue.o
 .group         0x00000000        0xc ./Output/queue.o
 .group         0x00000000        0xc ./Output/queue.o
 .group         0x00000000        0xc ./Output/queue.o
 .group         0x00000000        0xc ./Output/queue.o
 .group         0x00000000        0xc ./Output/queue.o
 .group         0x00000000        0xc ./Output/queue.o
 .group         0x00000000        0xc ./Output/queue.o
 .group         0x00000000        0xc ./Output/queue.o
 .group         0x00000000        0xc ./Output/queue.o
 .group         0x00000000        0xc ./Output/queue.o
 .group         0x00000000        0xc ./Output/queue.o
 .group         0x00000000        0xc ./Output/queue.o
 .group         0x00000000        0xc ./Output/queue.o
 .group         0x00000000        0xc ./Output/queue.o
 .group         0x00000000        0xc ./Output/queue.o
 .text          0x00000000        0x0 ./Output/queue.o
 .data          0x00000000        0x0 ./Output/queue.o
 .bss           0x00000000        0x0 ./Output/queue.o
 .text.prvIsQueueEmpty
                0x00000000       0x16 ./Output/queue.o
 .text.prvCopyDataToQueue
                0x00000000       0x66 ./Output/queue.o
 .text.prvCopyDataFromQueue
                0x00000000       0x26 ./Output/queue.o
 .text.prvNotifyQueueSetContainer
                0x00000000       0x64 ./Output/queue.o
 .text.prvUnlockQueue
                0x00000000       0x78 ./Output/queue.o
 .text.xQueueGenericReset
                0x00000000       0x7a ./Output/queue.o
 .text.xQueueGenericCreate
                0x00000000       0x42 ./Output/queue.o
 .text.xQueueGetMutexHolder
                0x00000000       0x1e ./Output/queue.o
 .text.xQueueGetMutexHolderFromISR
                0x00000000       0x10 ./Output/queue.o
 .text.xQueueCreateCountingSemaphore
                0x00000000       0x1a ./Output/queue.o
 .text.xQueueGenericSend
                0x00000000      0x138 ./Output/queue.o
 .text.xQueueCreateMutex
                0x00000000       0x24 ./Output/queue.o
 .text.xQueueGiveMutexRecursive
                0x00000000       0x2e ./Output/queue.o
 .text.xQueueGenericSendFromISR
                0x00000000       0xb2 ./Output/queue.o
 .text.xQueueGiveFromISR
                0x00000000       0x92 ./Output/queue.o
 .text.xQueueReceive
                0x00000000      0x10c ./Output/queue.o
 .text.xQueueSemaphoreTake
                0x00000000      0x138 ./Output/queue.o
 .text.xQueueTakeMutexRecursive
                0x00000000       0x38 ./Output/queue.o
 .text.xQueuePeek
                0x00000000      0x108 ./Output/queue.o
 .text.xQueueReceiveFromISR
                0x00000000       0x88 ./Output/queue.o
 .text.xQueuePeekFromISR
                0x00000000       0x44 ./Output/queue.o
 .text.uxQueueMessagesWaiting
                0x00000000       0x16 ./Output/queue.o
 .text.uxQueueSpacesAvailable
                0x00000000       0x1a ./Output/queue.o
 .text.uxQueueMessagesWaitingFromISR
                0x00000000        0x8 ./Output/queue.o
 .text.uxQueueGetQueueItemSize
                0x00000000        0x4 ./Output/queue.o
 .text.uxQueueGetQueueLength
                0x00000000        0x4 ./Output/queue.o
 .text.xQueueIsQueueEmptyFromISR
                0x00000000        0xe ./Output/queue.o
 .text.xQueueIsQueueFullFromISR
                0x00000000       0x10 ./Output/queue.o
 .text.vQueueAddToRegistry
                0x00000000       0x3c ./Output/queue.o
 .text.pcQueueGetName
                0x00000000       0x2c ./Output/queue.o
 .text.vQueueUnregisterQueue
                0x00000000       0x34 ./Output/queue.o
 .text.vQueueDelete
                0x00000000       0x12 ./Output/queue.o
 .text.xQueueCreateSet
                0x00000000        0x8 ./Output/queue.o
 .text.xQueueAddToSet
                0x00000000       0x22 ./Output/queue.o
 .text.xQueueRemoveFromSet
                0x00000000       0x20 ./Output/queue.o
 .text.xQueueSelectFromSet
                0x00000000       0x16 ./Output/queue.o
 .text.xQueueSelectFromSetFromISR
                0x00000000       0x14 ./Output/queue.o
 .bss.xQueueRegistry
                0x00000000       0x50 ./Output/queue.o
 .debug_info    0x00000000     0x2278 ./Output/queue.o
 .debug_abbrev  0x00000000      0x464 ./Output/queue.o
 .debug_loclists
                0x00000000     0x100a ./Output/queue.o
 .debug_aranges
                0x00000000      0x140 ./Output/queue.o
 .debug_rnglists
                0x00000000      0x1ca ./Output/queue.o
 .debug_macro   0x00000000      0x203 ./Output/queue.o
 .debug_macro   0x00000000      0xac0 ./Output/queue.o
 .debug_macro   0x00000000       0x24 ./Output/queue.o
 .debug_macro   0x00000000       0x22 ./Output/queue.o
 .debug_macro   0x00000000       0x60 ./Output/queue.o
 .debug_macro   0x00000000       0x94 ./Output/queue.o
 .debug_macro   0x00000000       0x3c ./Output/queue.o
 .debug_macro   0x00000000       0x34 ./Output/queue.o
 .debug_macro   0x00000000       0x16 ./Output/queue.o
 .debug_macro   0x00000000      0x11c ./Output/queue.o
 .debug_macro   0x00000000       0x9b ./Output/queue.o
 .debug_macro   0x00000000       0x57 ./Output/queue.o
 .debug_macro   0x00000000      0x370 ./Output/queue.o
 .debug_macro   0x00000000       0x16 ./Output/queue.o
 .debug_macro   0x00000000       0x4a ./Output/queue.o
 .debug_macro   0x00000000       0x34 ./Output/queue.o
 .debug_macro   0x00000000       0x10 ./Output/queue.o
 .debug_macro   0x00000000       0x52 ./Output/queue.o
 .debug_macro   0x00000000      0x1de ./Output/queue.o
 .debug_macro   0x00000000       0x16 ./Output/queue.o
 .debug_macro   0x00000000       0x29 ./Output/queue.o
 .debug_macro   0x00000000       0x16 ./Output/queue.o
 .debug_macro   0x00000000       0x3c ./Output/queue.o
 .debug_macro   0x00000000      0x34e ./Output/queue.o
 .debug_macro   0x00000000       0x16 ./Output/queue.o
 .debug_macro   0x00000000      0x164 ./Output/queue.o
 .debug_macro   0x00000000       0x22 ./Output/queue.o
 .debug_macro   0x00000000      0x182 ./Output/queue.o
 .debug_macro   0x00000000       0xe7 ./Output/queue.o
 .debug_macro   0x00000000       0x3a ./Output/queue.o
 .debug_macro   0x00000000       0x1f ./Output/queue.o
 .debug_macro   0x00000000       0x12 ./Output/queue.o
 .debug_macro   0x00000000      0xfec ./Output/queue.o
 .debug_macro   0x00000000       0xc3 ./Output/queue.o
 .debug_macro   0x00000000      0x14f ./Output/queue.o
 .debug_macro   0x00000000       0x80 ./Output/queue.o
 .debug_line    0x00000000     0x1ab2 ./Output/queue.o
 .debug_str     0x00000000    0x128eb ./Output/queue.o
 .comment       0x00000000       0x27 ./Output/queue.o
 .debug_frame   0x00000000      0x3f8 ./Output/queue.o
 .ARM.attributes
                0x00000000       0x2e ./Output/queue.o
 .group         0x00000000        0xc ./Output/heap_4.o
 .group         0x00000000        0xc ./Output/heap_4.o
 .group         0x00000000        0xc ./Output/heap_4.o
 .group         0x00000000        0xc ./Output/heap_4.o
 .group         0x00000000        0xc ./Output/heap_4.o
 .group         0x00000000        0xc ./Output/heap_4.o
 .group         0x00000000        0xc ./Output/heap_4.o
 .group         0x00000000        0xc ./Output/heap_4.o
 .group         0x00000000        0xc ./Output/heap_4.o
 .group         0x00000000        0xc ./Output/heap_4.o
 .group         0x00000000        0xc ./Output/heap_4.o
 .group         0x00000000        0xc ./Output/heap_4.o
 .group         0x00000000        0xc ./Output/heap_4.o
 .group         0x00000000        0xc ./Output/heap_4.o
 .group         0x00000000        0xc ./Output/heap_4.o
 .group         0x00000000        0xc ./Output/heap_4.o
 .group         0x00000000        0xc ./Output/heap_4.o
 .group         0x00000000        0xc ./Output/heap_4.o
 .group         0x00000000        0xc ./Output/heap_4.o
 .group         0x00000000        0xc ./Output/heap_4.o
 .group         0x00000000        0xc ./Output/heap_4.o
 .group         0x00000000        0xc ./Output/heap_4.o
 .group         0x00000000        0xc ./Output/heap_4.o
 .group         0x00000000        0xc ./Output/heap_4.o
 .group         0x00000000        0xc ./Output/heap_4.o
 .group         0x00000000        0xc ./Output/heap_4.o
 .group         0x00000000        0xc ./Output/heap_4.o
 .group         0x00000000        0xc ./Output/heap_4.o
 .group         0x00000000        0xc ./Output/heap_4.o
 .group         0x00000000        0xc ./Output/heap_4.o
 .group         0x00000000        0xc ./Output/heap_4.o
 .group         0x00000000        0xc ./Output/heap_4.o
 .group         0x00000000        0xc ./Output/heap_4.o
 .group         0x00000000        0xc ./Output/heap_4.o
 .text          0x00000000        0x0 ./Output/heap_4.o
 .data          0x00000000        0x0 ./Output/heap_4.o
 .bss           0x00000000        0x0 ./Output/heap_4.o
 .text.xPortGetFreeHeapSize
                0x00000000        0xc ./Output/heap_4.o
 .text.xPortGetMinimumEverFreeHeapSize
                0x00000000        0xc ./Output/heap_4.o
 .text.xPortResetHeapMinimumEverFreeHeapSize
                0x00000000       0x14 ./Output/heap_4.o
 .text.vPortInitialiseBlocks
                0x00000000        0x2 ./Output/heap_4.o
 .text.pvPortCalloc
                0x00000000       0x2a ./Output/heap_4.o
 .text.vPortGetHeapStats
                0x00000000       0x84 ./Output/heap_4.o
 .text.vPortHeapResetState
                0x00000000       0x2c ./Output/heap_4.o
 .debug_macro   0x00000000      0xac0 ./Output/heap_4.o
 .debug_macro   0x00000000       0x24 ./Output/heap_4.o
 .debug_macro   0x00000000       0x22 ./Output/heap_4.o
 .debug_macro   0x00000000       0x60 ./Output/heap_4.o
 .debug_macro   0x00000000       0x94 ./Output/heap_4.o
 .debug_macro   0x00000000       0x3c ./Output/heap_4.o
 .debug_macro   0x00000000       0x34 ./Output/heap_4.o
 .debug_macro   0x00000000       0x16 ./Output/heap_4.o
 .debug_macro   0x00000000      0x11c ./Output/heap_4.o
 .debug_macro   0x00000000       0x9b ./Output/heap_4.o
 .debug_macro   0x00000000       0x57 ./Output/heap_4.o
 .debug_macro   0x00000000      0x370 ./Output/heap_4.o
 .debug_macro   0x00000000       0x16 ./Output/heap_4.o
 .debug_macro   0x00000000       0x4a ./Output/heap_4.o
 .debug_macro   0x00000000       0x34 ./Output/heap_4.o
 .debug_macro   0x00000000       0x10 ./Output/heap_4.o
 .debug_macro   0x00000000       0x52 ./Output/heap_4.o
 .debug_macro   0x00000000      0x1de ./Output/heap_4.o
 .debug_macro   0x00000000       0x16 ./Output/heap_4.o
 .debug_macro   0x00000000       0x29 ./Output/heap_4.o
 .debug_macro   0x00000000       0x16 ./Output/heap_4.o
 .debug_macro   0x00000000       0x3c ./Output/heap_4.o
 .debug_macro   0x00000000      0x34e ./Output/heap_4.o
 .debug_macro   0x00000000       0x16 ./Output/heap_4.o
 .debug_macro   0x00000000      0x164 ./Output/heap_4.o
 .debug_macro   0x00000000       0x22 ./Output/heap_4.o
 .debug_macro   0x00000000      0x182 ./Output/heap_4.o
 .debug_macro   0x00000000       0xe7 ./Output/heap_4.o
 .debug_macro   0x00000000       0x3a ./Output/heap_4.o
 .debug_macro   0x00000000       0x1f ./Output/heap_4.o
 .debug_macro   0x00000000       0x12 ./Output/heap_4.o
 .debug_macro   0x00000000      0xfec ./Output/heap_4.o
 .debug_macro   0x00000000       0xc3 ./Output/heap_4.o
 .debug_macro   0x00000000      0x14f ./Output/heap_4.o
 .group         0x00000000        0xc ./Output/port.o
 .group         0x00000000        0xc ./Output/port.o
 .group         0x00000000        0xc ./Output/port.o
 .group         0x00000000        0xc ./Output/port.o
 .group         0x00000000        0xc ./Output/port.o
 .group         0x00000000        0xc ./Output/port.o
 .group         0x00000000        0xc ./Output/port.o
 .group         0x00000000        0xc ./Output/port.o
 .group         0x00000000        0xc ./Output/port.o
 .group         0x00000000        0xc ./Output/port.o
 .group         0x00000000        0xc ./Output/port.o
 .group         0x00000000        0xc ./Output/port.o
 .group         0x00000000        0xc ./Output/port.o
 .group         0x00000000        0xc ./Output/port.o
 .text          0x00000000        0x0 ./Output/port.o
 .data          0x00000000        0x0 ./Output/port.o
 .bss           0x00000000        0x0 ./Output/port.o
 .text.vPortEndScheduler
                0x00000000       0x14 ./Output/port.o
 .text.vPortValidateInterruptPriority
                0x00000000       0x3c ./Output/port.o
 .debug_macro   0x00000000      0xac0 ./Output/port.o
 .debug_macro   0x00000000      0x34e ./Output/port.o
 .debug_macro   0x00000000       0x16 ./Output/port.o
 .debug_macro   0x00000000      0x164 ./Output/port.o
 .debug_macro   0x00000000       0x22 ./Output/port.o
 .debug_macro   0x00000000      0x182 ./Output/port.o
 .debug_macro   0x00000000       0xe7 ./Output/port.o
 .debug_macro   0x00000000       0x3a ./Output/port.o
 .debug_macro   0x00000000       0x1f ./Output/port.o
 .debug_macro   0x00000000       0x12 ./Output/port.o
 .debug_macro   0x00000000      0xfec ./Output/port.o
 .debug_macro   0x00000000       0xc3 ./Output/port.o
 .debug_macro   0x00000000      0x14f ./Output/port.o
 .group         0x00000000        0xc ./Output/main.o
 .group         0x00000000        0xc ./Output/main.o
 .group         0x00000000        0xc ./Output/main.o
 .group         0x00000000        0xc ./Output/main.o
 .group         0x00000000        0xc ./Output/main.o
 .group         0x00000000        0xc ./Output/main.o
 .group         0x00000000        0xc ./Output/main.o
 .group         0x00000000        0xc ./Output/main.o
 .group         0x00000000        0xc ./Output/main.o
 .group         0x00000000        0xc ./Output/main.o
 .group         0x00000000        0xc ./Output/main.o
 .group         0x00000000        0xc ./Output/main.o
 .group         0x00000000        0xc ./Output/main.o
 .group         0x00000000        0xc ./Output/main.o
 .group         0x00000000        0xc ./Output/main.o
 .group         0x00000000        0xc ./Output/main.o
 .group         0x00000000        0xc ./Output/main.o
 .group         0x00000000        0xc ./Output/main.o
 .group         0x00000000        0xc ./Output/main.o
 .group         0x00000000        0xc ./Output/main.o
 .group         0x00000000        0xc ./Output/main.o
 .group         0x00000000        0xc ./Output/main.o
 .group         0x00000000        0xc ./Output/main.o
 .group         0x00000000        0xc ./Output/main.o
 .group         0x00000000        0xc ./Output/main.o
 .group         0x00000000        0xc ./Output/main.o
 .group         0x00000000        0xc ./Output/main.o
 .group         0x00000000        0xc ./Output/main.o
 .group         0x00000000        0xc ./Output/main.o
 .group         0x00000000        0xc ./Output/main.o
 .group         0x00000000        0xc ./Output/main.o
 .group         0x00000000        0xc ./Output/main.o
 .group         0x00000000        0xc ./Output/main.o
 .group         0x00000000        0xc ./Output/main.o
 .group         0x00000000        0xc ./Output/main.o
 .group         0x00000000        0xc ./Output/main.o
 .text          0x00000000        0x0 ./Output/main.o
 .data          0x00000000        0x0 ./Output/main.o
 .bss           0x00000000        0x0 ./Output/main.o
 .debug_macro   0x00000000      0xac0 ./Output/main.o
 .debug_macro   0x00000000      0x190 ./Output/main.o
 .debug_macro   0x00000000      0x34e ./Output/main.o
 .debug_macro   0x00000000       0x16 ./Output/main.o
 .debug_macro   0x00000000      0x164 ./Output/main.o
 .debug_macro   0x00000000       0x22 ./Output/main.o
 .debug_macro   0x00000000      0x182 ./Output/main.o
 .debug_macro   0x00000000       0xe7 ./Output/main.o
 .debug_macro   0x00000000       0x3a ./Output/main.o
 .debug_macro   0x00000000       0x1f ./Output/main.o
 .debug_macro   0x00000000       0x12 ./Output/main.o
 .debug_macro   0x00000000      0xfec ./Output/main.o
 .debug_macro   0x00000000       0xc3 ./Output/main.o
 .debug_macro   0x00000000      0x14f ./Output/main.o
 .debug_macro   0x00000000       0x22 ./Output/main.o
 .debug_macro   0x00000000       0x60 ./Output/main.o
 .debug_macro   0x00000000       0x24 ./Output/main.o
 .debug_macro   0x00000000       0x94 ./Output/main.o
 .debug_macro   0x00000000       0x3c ./Output/main.o
 .debug_macro   0x00000000       0x34 ./Output/main.o
 .debug_macro   0x00000000       0x57 ./Output/main.o
 .debug_macro   0x00000000       0x3c ./Output/main.o
 .debug_macro   0x00000000      0x370 ./Output/main.o
 .debug_macro   0x00000000       0x16 ./Output/main.o
 .debug_macro   0x00000000       0x4a ./Output/main.o
 .debug_macro   0x00000000       0x34 ./Output/main.o
 .debug_macro   0x00000000       0x10 ./Output/main.o
 .debug_macro   0x00000000       0x52 ./Output/main.o
 .debug_macro   0x00000000      0x1de ./Output/main.o
 .group         0x00000000        0xc ./Output/uart.o
 .group         0x00000000        0xc ./Output/uart.o
 .group         0x00000000        0xc ./Output/uart.o
 .group         0x00000000        0xc ./Output/uart.o
 .group         0x00000000        0xc ./Output/uart.o
 .group         0x00000000        0xc ./Output/uart.o
 .group         0x00000000        0xc ./Output/uart.o
 .group         0x00000000        0xc ./Output/uart.o
 .group         0x00000000        0xc ./Output/uart.o
 .group         0x00000000        0xc ./Output/uart.o
 .group         0x00000000        0xc ./Output/uart.o
 .group         0x00000000        0xc ./Output/uart.o
 .group         0x00000000        0xc ./Output/uart.o
 .text          0x00000000        0x0 ./Output/uart.o
 .data          0x00000000        0x0 ./Output/uart.o
 .bss           0x00000000        0x0 ./Output/uart.o
 .text.UART_close
                0x00000000        0xc ./Output/uart.o
 .debug_macro   0x00000000      0xac0 ./Output/uart.o
 .debug_macro   0x00000000      0x190 ./Output/uart.o
 .debug_macro   0x00000000      0x34e ./Output/uart.o
 .debug_macro   0x00000000       0x16 ./Output/uart.o
 .debug_macro   0x00000000      0x164 ./Output/uart.o
 .debug_macro   0x00000000       0x22 ./Output/uart.o
 .debug_macro   0x00000000      0x182 ./Output/uart.o
 .debug_macro   0x00000000       0xe7 ./Output/uart.o
 .debug_macro   0x00000000       0x3a ./Output/uart.o
 .debug_macro   0x00000000       0x1f ./Output/uart.o
 .debug_macro   0x00000000       0x12 ./Output/uart.o
 .debug_macro   0x00000000      0xfec ./Output/uart.o
 .group         0x00000000        0xc ./Output/adc.o
 .group         0x00000000        0xc ./Output/adc.o
 .group         0x00000000        0xc ./Output/adc.o
 .group         0x00000000        0xc ./Output/adc.o
 .group         0x00000000        0xc ./Output/adc.o
 .group         0x00000000        0xc ./Output/adc.o
 .group         0x00000000        0xc ./Output/adc.o
 .group         0x00000000        0xc ./Output/adc.o
 .group         0x00000000        0xc ./Output/adc.o
 .group         0x00000000        0xc ./Output/adc.o
 .group         0x00000000        0xc ./Output/adc.o
 .group         0x00000000        0xc ./Output/adc.o
 .group         0x00000000        0xc ./Output/adc.o
 .text          0x00000000        0x0 ./Output/adc.o
 .data          0x00000000        0x0 ./Output/adc.o
 .bss           0x00000000        0x0 ./Output/adc.o
 .debug_macro   0x00000000      0xac0 ./Output/adc.o
 .debug_macro   0x00000000      0x190 ./Output/adc.o
 .debug_macro   0x00000000      0x34e ./Output/adc.o
 .debug_macro   0x00000000       0x16 ./Output/adc.o
 .debug_macro   0x00000000      0x164 ./Output/adc.o
 .debug_macro   0x00000000       0x22 ./Output/adc.o
 .debug_macro   0x00000000      0x182 ./Output/adc.o
 .debug_macro   0x00000000       0xe7 ./Output/adc.o
 .debug_macro   0x00000000       0x3a ./Output/adc.o
 .debug_macro   0x00000000       0x1f ./Output/adc.o
 .debug_macro   0x00000000       0x12 ./Output/adc.o
 .debug_macro   0x00000000      0xfec ./Output/adc.o
 .group         0x00000000        0xc ./Output/startup.o
 .group         0x00000000        0xc ./Output/startup.o
 .group         0x00000000        0xc ./Output/startup.o
 .group         0x00000000        0xc ./Output/startup.o
 .group         0x00000000        0xc ./Output/startup.o
 .group         0x00000000        0xc ./Output/startup.o
 .group         0x00000000        0xc ./Output/startup.o
 .group         0x00000000        0xc ./Output/startup.o
 .group         0x00000000        0xc ./Output/startup.o
 .group         0x00000000        0xc ./Output/startup.o
 .group         0x00000000        0xc ./Output/startup.o
 .group         0x00000000        0xc ./Output/startup.o
 .group         0x00000000        0xc ./Output/startup.o
 .text          0x00000000        0x0 ./Output/startup.o
 .data          0x00000000        0x0 ./Output/startup.o
 .bss           0x00000000        0x0 ./Output/startup.o
 .debug_macro   0x00000000      0xac0 ./Output/startup.o
 .debug_macro   0x00000000      0x190 ./Output/startup.o
 .debug_macro   0x00000000      0x34e ./Output/startup.o
 .debug_macro   0x00000000       0x16 ./Output/startup.o
 .debug_macro   0x00000000      0x164 ./Output/startup.o
 .debug_macro   0x00000000       0x22 ./Output/startup.o
 .debug_macro   0x00000000      0x182 ./Output/startup.o
 .debug_macro   0x00000000       0xe7 ./Output/startup.o
 .debug_macro   0x00000000       0x3a ./Output/startup.o
 .debug_macro   0x00000000       0x1f ./Output/startup.o
 .debug_macro   0x00000000       0x12 ./Output/startup.o
 .debug_macro   0x00000000      0xfec ./Output/startup.o
 .debug_macro   0x00000000       0x28 ./Output/startup.o
 .data          0x00000000        0x0 /usr/lib/gcc/arm-none-eabi/13.2.1/../../../arm-none-eabi/lib/thumb/v7e-m/nofp/libc_nano.a(libc_a-sprintf.o)
 .bss           0x00000000        0x0 /usr/lib/gcc/arm-none-eabi/13.2.1/../../../arm-none-eabi/lib/thumb/v7e-m/nofp/libc_nano.a(libc_a-sprintf.o)
 .text          0x00000000        0x0 /usr/lib/gcc/arm-none-eabi/13.2.1/../../../arm-none-eabi/lib/thumb/v7e-m/nofp/libc_nano.a(libc_a-impure.o)
 .bss           0x00000000        0x0 /usr/lib/gcc/arm-none-eabi/13.2.1/../../../arm-none-eabi/lib/thumb/v7e-m/nofp/libc_nano.a(libc_a-impure.o)
 .data          0x00000000        0x0 /usr/lib/gcc/arm-none-eabi/13.2.1/../../../arm-none-eabi/lib/thumb/v7e-m/nofp/libc_nano.a(libc_a-nano-svfprintf.o)
 .bss           0x00000000        0x0 /usr/lib/gcc/arm-none-eabi/13.2.1/../../../arm-none-eabi/lib/thumb/v7e-m/nofp/libc_nano.a(libc_a-nano-svfprintf.o)
 .text          0x00000000       0xd8 /usr/lib/gcc/arm-none-eabi/13.2.1/../../../arm-none-eabi/lib/thumb/v7e-m/nofp/libc_nano.a(libc_a-strlen.o)
 .data          0x00000000        0x0 /usr/lib/gcc/arm-none-eabi/13.2.1/../../../arm-none-eabi/lib/thumb/v7e-m/nofp/libc_nano.a(libc_a-strlen.o)
 .bss           0x00000000        0x0 /usr/lib/gcc/arm-none-eabi/13.2.1/../../../arm-none-eabi/lib/thumb/v7e-m/nofp/libc_nano.a(libc_a-strlen.o)
 .ARM.extab     0x00000000        0x0 /usr/lib/gcc/arm-none-eabi/13.2.1/../../../arm-none-eabi/lib/thumb/v7e-m/nofp/libc_nano.a(libc_a-strlen.o)
 .ARM.exidx     0x00000000        0x8 /usr/lib/gcc/arm-none-eabi/13.2.1/../../../arm-none-eabi/lib/thumb/v7e-m/nofp/libc_nano.a(libc_a-strlen.o)
 .debug_line    0x00000000       0x86 /usr/lib/gcc/arm-none-eabi/13.2.1/../../../arm-none-eabi/lib/thumb/v7e-m/nofp/libc_nano.a(libc_a-strlen.o)
 .debug_line_str
                0x00000000       0x95 /usr/lib/gcc/arm-none-eabi/13.2.1/../../../arm-none-eabi/lib/thumb/v7e-m/nofp/libc_nano.a(libc_a-strlen.o)
 .debug_info    0x00000000       0x33 /usr/lib/gcc/arm-none-eabi/13.2.1/../../../arm-none-eabi/lib/thumb/v7e-m/nofp/libc_nano.a(libc_a-strlen.o)
 .debug_abbrev  0x00000000       0x28 /usr/lib/gcc/arm-none-eabi/13.2.1/../../../arm-none-eabi/lib/thumb/v7e-m/nofp/libc_nano.a(libc_a-strlen.o)
 .debug_aranges
                0x00000000       0x20 /usr/lib/gcc/arm-none-eabi/13.2.1/../../../arm-none-eabi/lib/thumb/v7e-m/nofp/libc_nano.a(libc_a-strlen.o)
 .debug_str     0x00000000       0xa8 /usr/lib/gcc/arm-none-eabi/13.2.1/../../../arm-none-eabi/lib/thumb/v7e-m/nofp/libc_nano.a(libc_a-strlen.o)
 .eh_frame      0x00000000       0x34 /usr/lib/gcc/arm-none-eabi/13.2.1/../../../arm-none-eabi/lib/thumb/v7e-m/nofp/libc_nano.a(libc_a-strlen.o)
 .ARM.attributes
                0x00000000       0x1c /usr/lib/gcc/arm-none-eabi/13.2.1/../../../arm-none-eabi/lib/thumb/v7e-m/nofp/libc_nano.a(libc_a-strlen.o)
 .data          0x00000000        0x0 /usr/lib/gcc/arm-none-eabi/13.2.1/../../../arm-none-eabi/lib/thumb/v7e-m/nofp/libc_nano.a(libc_a-memset.o)
 .bss           0x00000000        0x0 /usr/lib/gcc/arm-none-eabi/13.2.1/../../../arm-none-eabi/lib/thumb/v7e-m/nofp/libc_nano.a(libc_a-memset.o)
 .data          0x00000000        0x0 /usr/lib/gcc/arm-none-eabi/13.2.1/../../../arm-none-eabi/lib/thumb/v7e-m/nofp/libc_nano.a(libc_a-mallocr.o)
 .data          0x00000000        0x0 /usr/lib/gcc/arm-none-eabi/13.2.1/../../../arm-none-eabi/lib/thumb/v7e-m/nofp/libc_nano.a(libc_a-freer.o)
 .bss           0x00000000        0x0 /usr/lib/gcc/arm-none-eabi/13.2.1/../../../arm-none-eabi/lib/thumb/v7e-m/nofp/libc_nano.a(libc_a-freer.o)
 .data          0x00000000        0x0 /usr/lib/gcc/arm-none-eabi/13.2.1/../../../arm-none-eabi/lib/thumb/v7e-m/nofp/libc_nano.a(libc_a-memmove.o)
 .bss           0x00000000        0x0 /usr/lib/gcc/arm-none-eabi/13.2.1/../../../arm-none-eabi/lib/thumb/v7e-m/nofp/libc_nano.a(libc_a-memmove.o)
 .data          0x00000000        0x0 /usr/lib/gcc/arm-none-eabi/13.2.1/../../../arm-none-eabi/lib/thumb/v7e-m/nofp/libc_nano.a(libc_a-memchr.o)
 .bss           0x00000000        0x0 /usr/lib/gcc/arm-none-eabi/13.2.1/../../../arm-none-eabi/lib/thumb/v7e-m/nofp/libc_nano.a(libc_a-memchr.o)
 .ARM.extab     0x00000000        0x0 /usr/lib/gcc/arm-none-eabi/13.2.1/../../../arm-none-eabi/lib/thumb/v7e-m/nofp/libc_nano.a(libc_a-memchr.o)
 .eh_frame      0x00000000       0x50 /usr/lib/gcc/arm-none-eabi/13.2.1/../../../arm-none-eabi/lib/thumb/v7e-m/nofp/libc_nano.a(libc_a-memchr.o)
 .data          0x00000000        0x0 /usr/lib/gcc/arm-none-eabi/13.2.1/../../../arm-none-eabi/lib/thumb/v7e-m/nofp/libc_nano.a(libc_a-memcpy.o)
 .bss           0x00000000        0x0 /usr/lib/gcc/arm-none-eabi/13.2.1/../../../arm-none-eabi/lib/thumb/v7e-m/nofp/libc_nano.a(libc_a-memcpy.o)
 .ARM.extab     0x00000000        0x0 /usr/lib/gcc/arm-none-eabi/13.2.1/../../../arm-none-eabi/lib/thumb/v7e-m/nofp/libc_nano.a(libc_a-memcpy.o)
 .eh_frame      0x00000000       0x2c /usr/lib/gcc/arm-none-eabi/13.2.1/../../../arm-none-eabi/lib/thumb/v7e-m/nofp/libc_nano.a(libc_a-memcpy.o)
 .data          0x00000000        0x0 /usr/lib/gcc/arm-none-eabi/13.2.1/../../../arm-none-eabi/lib/thumb/v7e-m/nofp/libc_nano.a(libc_a-reallocr.o)
 .bss           0x00000000        0x0 /usr/lib/gcc/arm-none-eabi/13.2.1/../../../arm-none-eabi/lib/thumb/v7e-m/nofp/libc_nano.a(libc_a-reallocr.o)
 .data          0x00000000        0x0 /usr/lib/gcc/arm-none-eabi/13.2.1/../../../arm-none-eabi/lib/thumb/v7e-m/nofp/libc_nano.a(libc_a-nano-vfprintf_i.o)
 .bss           0x00000000        0x0 /usr/lib/gcc/arm-none-eabi/13.2.1/../../../arm-none-eabi/lib/thumb/v7e-m/nofp/libc_nano.a(libc_a-nano-vfprintf_i.o)
 .data          0x00000000        0x0 /usr/lib/gcc/arm-none-eabi/13.2.1/../../../arm-none-eabi/lib/thumb/v7e-m/nofp/libc_nano.a(libc_a-mlock.o)
 .bss           0x00000000        0x0 /usr/lib/gcc/arm-none-eabi/13.2.1/../../../arm-none-eabi/lib/thumb/v7e-m/nofp/libc_nano.a(libc_a-mlock.o)
 .data          0x00000000        0x0 /usr/lib/gcc/arm-none-eabi/13.2.1/../../../arm-none-eabi/lib/thumb/v7e-m/nofp/libc_nano.a(libc_a-sbrkr.o)
 .bss           0x00000000        0x0 /usr/lib/gcc/arm-none-eabi/13.2.1/../../../arm-none-eabi/lib/thumb/v7e-m/nofp/libc_nano.a(libc_a-sbrkr.o)
 .data          0x00000000        0x0 /usr/lib/gcc/arm-none-eabi/13.2.1/../../../arm-none-eabi/lib/thumb/v7e-m/nofp/libc_nano.a(libc_a-msizer.o)
 .bss           0x00000000        0x0 /usr/lib/gcc/arm-none-eabi/13.2.1/../../../arm-none-eabi/lib/thumb/v7e-m/nofp/libc_nano.a(libc_a-msizer.o)
 .text          0x00000000       0xd4 /usr/lib/gcc/arm-none-eabi/13.2.1/../../../arm-none-eabi/lib/thumb/v7e-m/nofp/libc_nano.a(libc_a-reent.o)
 .data          0x00000000        0x0 /usr/lib/gcc/arm-none-eabi/13.2.1/../../../arm-none-eabi/lib/thumb/v7e-m/nofp/libc_nano.a(libc_a-reent.o)
 .data          0x00000000        0x0 /usr/lib/gcc/arm-none-eabi/13.2.1/../../../arm-none-eabi/lib/thumb/v7e-m/nofp/libnosys.a(sbrk.o)

Memory Configuration

Name             Origin             Length             Attributes
ITCM             0x00000000         0x00010000         xr
SRAM             0x20400000         0x000bd800         rw
*default*        0x00000000         0xffffffff

Linker script and memory map

LOAD ./Output/tasks.o
LOAD ./Output/list.o
LOAD ./Output/queue.o
LOAD ./Output/heap_4.o
LOAD ./Output/port.o
LOAD ./Output/main.o
LOAD ./Output/uart.o
LOAD ./Output/adc.o
LOAD ./Output/startup.o
START GROUP
LOAD /usr/lib/gcc/arm-none-eabi/13.2.1/thumb/v7e-m/nofp/libgcc.a
LOAD /usr/lib/gcc/arm-none-eabi/13.2.1/../../../arm-none-eabi/lib/thumb/v7e-m/nofp/libc_nano.a
END GROUP
START GROUP
LOAD /usr/lib/gcc/arm-none-eabi/13.2.1/thumb/v7e-m/nofp/libgcc.a
LOAD /usr/lib/gcc/arm-none-eabi/13.2.1/../../../arm-none-eabi/lib/thumb/v7e-m/nofp/libc_nano.a
LOAD /usr/lib/gcc/arm-none-eabi/13.2.1/../../../arm-none-eabi/lib/thumb/v7e-m/nofp/libnosys.a
END GROUP
START GROUP
LOAD /usr/lib/gcc/arm-none-eabi/13.2.1/thumb/v7e-m/nofp/libgcc.a
LOAD /usr/lib/gcc/arm-none-eabi/13.2.1/../../../arm-none-eabi/lib/thumb/v7e-m/nofp/libc_nano.a
LOAD /usr/lib/gcc/arm-none-eabi/13.2.1/../../../arm-none-eabi/lib/thumb/v7e-m/nofp/libnosys.a
END GROUP
                0x00000008                        _Min_Heap_Size = 0x8
                0x00000400                        _Min_Stack_Size = 0x400
                0x204bd800                        _estack = (ORIGIN (SRAM) + LENGTH (SRAM))

.isr_vector     0x00000000       0x78
                0x00000000                        __vector_table = .
 *(.isr_vector)
 .isr_vector    0x00000000       0x78 ./Output/startup.o
                0x00000000                isr_vector
                0x00000078                        . = ALIGN (0x4)

.text           0x00000080      0xef1
 *(.text)
 .text          0x00000080       0x80 /usr/lib/gcc/arm-none-eabi/13.2.1/../../../arm-none-eabi/lib/thumb/v7e-m/nofp/libc_nano.a(libc_a-sprintf.o)
                0x00000080                _siprintf_r
                0x00000080                _sprintf_r
                0x000000bc                sprintf
                0x000000bc                siprintf
 .text          0x00000100      0x400 /usr/lib/gcc/arm-none-eabi/13.2.1/../../../arm-none-eabi/lib/thumb/v7e-m/nofp/libc_nano.a(libc_a-nano-svfprintf.o)
                0x00000100                __ssputs_r
                0x000001c0                __ssprint_r
                0x000002c8                _svfprintf_r
                0x000002c8                _svfiprintf_r
 .text          0x00000500       0xa4 /usr/lib/gcc/arm-none-eabi/13.2.1/../../../arm-none-eabi/lib/thumb/v7e-m/nofp/libc_nano.a(libc_a-memset.o)
                0x00000500                memset
 .text          0x000005a4      0x148 /usr/lib/gcc/arm-none-eabi/13.2.1/../../../arm-none-eabi/lib/thumb/v7e-m/nofp/libc_nano.a(libc_a-mallocr.o)
                0x000005ec                _malloc_r
 .text          0x000006ec       0xbc /usr/lib/gcc/arm-none-eabi/13.2.1/../../../arm-none-eabi/lib/thumb/v7e-m/nofp/libc_nano.a(libc_a-freer.o)
                0x000006ec                _free_r
 .text          0x000007a8      0x100 /usr/lib/gcc/arm-none-eabi/13.2.1/../../../arm-none-eabi/lib/thumb/v7e-m/nofp/libc_nano.a(libc_a-memmove.o)
                0x000007a8                memmove
 *fill*         0x000008a8        0x8 
 .text          0x000008b0       0xa0 /usr/lib/gcc/arm-none-eabi/13.2.1/../../../arm-none-eabi/lib/thumb/v7e-m/nofp/libc_nano.a(libc_a-memchr.o)
                0x000008b0                memchr
 .text          0x00000950      0x134 /usr/lib/gcc/arm-none-eabi/13.2.1/../../../arm-none-eabi/lib/thumb/v7e-m/nofp/libc_nano.a(libc_a-memcpy.o)
                0x00000950                memcpy
 .text          0x00000a84       0x64 /usr/lib/gcc/arm-none-eabi/13.2.1/../../../arm-none-eabi/lib/thumb/v7e-m/nofp/libc_nano.a(libc_a-reallocr.o)
                0x00000a84                _realloc_r
 .text          0x00000ae8      0x3a8 /usr/lib/gcc/arm-none-eabi/13.2.1/../../../arm-none-eabi/lib/thumb/v7e-m/nofp/libc_nano.a(libc_a-nano-vfprintf_i.o)
                0x00000ae8                _printf_common
                0x00000c0c                _printf_i
 .text          0x00000e90        0x8 /usr/lib/gcc/arm-none-eabi/13.2.1/../../../arm-none-eabi/lib/thumb/v7e-m/nofp/libc_nano.a(libc_a-mlock.o)
                0x00000e90                __malloc_lock
                0x00000e94                __malloc_unlock
 .text          0x00000e98       0x24 /usr/lib/gcc/arm-none-eabi/13.2.1/../../../arm-none-eabi/lib/thumb/v7e-m/nofp/libc_nano.a(libc_a-sbrkr.o)
                0x00000e98                _sbrk_r
 .text          0x00000ebc       0x10 /usr/lib/gcc/arm-none-eabi/13.2.1/../../../arm-none-eabi/lib/thumb/v7e-m/nofp/libc_nano.a(libc_a-msizer.o)
                0x00000ebc                _malloc_usable_size_r
 .text          0x00000ecc       0x1c /usr/lib/gcc/arm-none-eabi/13.2.1/../../../arm-none-eabi/lib/thumb/v7e-m/nofp/libnosys.a(sbrk.o)
                0x00000ecc                _sbrk
 *(.rodata*)
 .rodata.vTaskStartScheduler.str1.1
                0x00000ee8       0x4c ./Output/tasks.o
                                  0x5 (size before relaxing)
 .rodata.uxTopUsedPriority
                0x00000f34        0x4 ./Output/tasks.o
 .rodata.vTaskFunction.str1.1
                0x00000f38        0xb ./Output/main.o
 .rodata.main.str1.1
                0x00000f38        0x6 ./Output/main.o
 .rodata.prvGetRegistersFromStack.str1.1
                0x00000f38       0x36 ./Output/startup.o
 .rodata.str1.4
                0x00000f38       0x39 /usr/lib/gcc/arm-none-eabi/13.2.1/../../../arm-none-eabi/lib/thumb/v7e-m/nofp/libc_nano.a(libc_a-nano-svfprintf.o)
                                 0x13 (size before relaxing)
 .rodata.str1.4
                0x00000f71       0x25 /usr/lib/gcc/arm-none-eabi/13.2.1/../../../arm-none-eabi/lib/thumb/v7e-m/nofp/libc_nano.a(libc_a-nano-vfprintf_i.o)
 *(.constdata*)
                0x00000f71                        _etext = .
                0x00000f71                        _sidata = .

.glue_7         0x00000f74        0x0
 .glue_7        0x00000f74        0x0 linker stubs

.glue_7t        0x00000f74        0x0
 .glue_7t       0x00000f74        0x0 linker stubs

.vfp11_veneer   0x00000f74        0x0
 .vfp11_veneer  0x00000f74        0x0 linker stubs

.v4_bx          0x00000f74        0x0
 .v4_bx         0x00000f74        0x0 linker stubs

.text.prvAddCurrentTaskToDelayedList
                0x00000f74       0xb4
 .text.prvAddCurrentTaskToDelayedList
                0x00000f74       0xb4 ./Output/tasks.o

.text.prvResetNextTaskUnblockTime
                0x00001028       0x24
 .text.prvResetNextTaskUnblockTime
                0x00001028       0x24 ./Output/tasks.o

.text.prvCheckTasksWaitingTermination
                0x0000104c       0x48
 .text.prvCheckTasksWaitingTermination
                0x0000104c       0x48 ./Output/tasks.o

.text.prvIdleTask
                0x00001094        0x8
 .text.prvIdleTask
                0x00001094        0x8 ./Output/tasks.o

.text.xTaskCreate
                0x0000109c      0x1c0
 .text.xTaskCreate
                0x0000109c      0x1c0 ./Output/tasks.o
                0x0000109c                xTaskCreate

.text.vTaskStartScheduler
                0x0000125c       0x80
 .text.vTaskStartScheduler
                0x0000125c       0x80 ./Output/tasks.o
                0x0000125c                vTaskStartScheduler

.text.vTaskSuspendAll
                0x000012dc       0x10
 .text.vTaskSuspendAll
                0x000012dc       0x10 ./Output/tasks.o
                0x000012dc                vTaskSuspendAll

.text.xTaskIncrementTick
                0x000012ec      0x180
 .text.xTaskIncrementTick
                0x000012ec      0x180 ./Output/tasks.o
                0x000012ec                xTaskIncrementTick

.text.xTaskResumeAll
                0x0000146c      0x154
 .text.xTaskResumeAll
                0x0000146c      0x154 ./Output/tasks.o
                0x0000146c                xTaskResumeAll

.text.vTaskDelay
                0x000015c0       0x3c
 .text.vTaskDelay
                0x000015c0       0x3c ./Output/tasks.o
                0x000015c0                vTaskDelay

.text.vTaskSwitchContext
                0x000015fc       0x68
 .text.vTaskSwitchContext
                0x000015fc       0x68 ./Output/tasks.o
                0x000015fc                vTaskSwitchContext

.iplt           0x00001664        0x0
 .iplt          0x00001664        0x0 ./Output/tasks.o

.text.vListInitialise
                0x00001664       0x16
 .text.vListInitialise
                0x00001664       0x16 ./Output/list.o
                0x00001664                vListInitialise

.text.vListInitialiseItem
                0x0000167a        0x6
 .text.vListInitialiseItem
                0x0000167a        0x6 ./Output/list.o
                0x0000167a                vListInitialiseItem

.text.vListInsert
                0x00001680       0x2e
 .text.vListInsert
                0x00001680       0x2e ./Output/list.o
                0x00001680                vListInsert

.text.uxListRemove
                0x000016ae       0x1e
 .text.uxListRemove
                0x000016ae       0x1e ./Output/list.o
                0x000016ae                uxListRemove

.text.pvPortMalloc
                0x000016cc      0x130
 .text.pvPortMalloc
                0x000016cc      0x130 ./Output/heap_4.o
                0x000016cc                pvPortMalloc

.text.vPortFree
                0x000017fc       0xbc
 .text.vPortFree
                0x000017fc       0xbc ./Output/heap_4.o
                0x000017fc                vPortFree

.text.prvTaskExitError
                0x000018b8       0x30
 .text.prvTaskExitError
                0x000018b8       0x30 ./Output/port.o

.text.vPortSVCHandler
                0x000018e8       0x24
 .text.vPortSVCHandler
                0x000018e8       0x24 ./Output/port.o
                0x000018e8                vPortSVCHandler

.text.prvPortStartFirstTask
                0x0000190c       0x20
 .text.prvPortStartFirstTask
                0x0000190c       0x20 ./Output/port.o

.text.xPortPendSVHandler
                0x0000192c       0x44
 .text.xPortPendSVHandler
                0x0000192c       0x44 ./Output/port.o
                0x0000192c                xPortPendSVHandler

.text.pxPortInitialiseStack
                0x00001970       0x1c
 .text.pxPortInitialiseStack
                0x00001970       0x1c ./Output/port.o
                0x00001970                pxPortInitialiseStack

.text.vPortEnterCritical
                0x0000198c       0x30
 .text.vPortEnterCritical
                0x0000198c       0x30 ./Output/port.o
                0x0000198c                vPortEnterCritical

.text.vPortExitCritical
                0x000019bc       0x18
 .text.vPortExitCritical
                0x000019bc       0x18 ./Output/port.o
                0x000019bc                vPortExitCritical

.text.xPortSysTickHandler
                0x000019d4       0x2c
 .text.xPortSysTickHandler
                0x000019d4       0x2c ./Output/port.o
                0x000019d4                xPortSysTickHandler

.text.vPortSetupTimerInterrupt
                0x00001a00       0x16
 .text.vPortSetupTimerInterrupt
                0x00001a00       0x16 ./Output/port.o
                0x00001a00                vPortSetupTimerInterrupt

.text.xPortStartScheduler
                0x00001a18       0xe4
 .text.xPortStartScheduler
                0x00001a18       0xe4 ./Output/port.o
                0x00001a18                xPortStartScheduler

.text.vTaskFunction
                0x00001afc       0x28
 .text.vTaskFunction
                0x00001afc       0x28 ./Output/main.o
                0x00001afc                vTaskFunction

.text.startup.main
                0x00001b24       0x2c
 .text.startup.main
                0x00001b24       0x2c ./Output/main.o
                0x00001b24                main

.text.UART_init
                0x00001b50       0x14
 .text.UART_init
                0x00001b50       0x14 ./Output/uart.o
                0x00001b50                UART_init

.text.UART_printf
                0x00001b64       0x14
 .text.UART_printf
                0x00001b64       0x14 ./Output/uart.o
                0x00001b64                UART_printf

.text.ADC_init  0x00001b78        0xc
 .text.ADC_init
                0x00001b78        0xc ./Output/adc.o
                0x00001b78                ADC_init

.text.ADC_read  0x00001b84       0x14
 .text.ADC_read
                0x00001b84       0x14 ./Output/adc.o
                0x00001b84                ADC_read

.text.Default_Handler
                0x00001c00        0xc
 .text.Default_Handler
                0x00001c00        0xc ./Output/startup.o

.text.HardFault_Handler
                0x00001d00       0x18
 .text.HardFault_Handler
                0x00001d00       0x18 ./Output/startup.o

.text.Reset_Handler
                0x00001d18        0x4
 .text.Reset_Handler
                0x00001d18        0x4 ./Output/startup.o
                0x00001d18                Reset_Handler

.text.prvGetRegistersFromStack
                0x00001d1c       0x60
 .text.prvGetRegistersFromStack
                0x00001d1c       0x60 ./Output/startup.o
                0x00001d1c                prvGetRegistersFromStack

.rel.dyn        0x00001d7c        0x0
 .rel.iplt      0x00001d7c        0x0 ./Output/tasks.o

.ARM.exidx      0x00001d7c        0x8
 .ARM.exidx     0x00001d7c        0x8 /usr/lib/gcc/arm-none-eabi/13.2.1/../../../arm-none-eabi/lib/thumb/v7e-m/nofp/libc_nano.a(libc_a-memchr.o)
 .ARM.exidx     0x00001d84        0x0 /usr/lib/gcc/arm-none-eabi/13.2.1/../../../arm-none-eabi/lib/thumb/v7e-m/nofp/libc_nano.a(libc_a-memcpy.o)
                                  0x8 (size before relaxing)

.data           0x20400000       0x50
                0x20400000                        . = ALIGN (0x8)
                0x20400000                        _data = .
                0x20400000                        _sdata = .
 *(vtable)
 *(.data)
 .data          0x20400000       0x50 /usr/lib/gcc/arm-none-eabi/13.2.1/../../../arm-none-eabi/lib/thumb/v7e-m/nofp/libc_nano.a(libc_a-impure.o)
                0x20400000                _impure_ptr
                0x20400004                _impure_data
                0x20400050                        _edata = .

.igot.plt       0x20400050        0x0
 .igot.plt      0x20400050        0x0 ./Output/tasks.o

.data.uxCriticalNesting
                0x20400050        0x4
 .data.uxCriticalNesting
                0x20400050        0x4 ./Output/port.o

.bss            0x20400054       0x14
                0x20400058                        . = ALIGN (0x8)
 *fill*         0x20400054        0x4 
                0x20400058                        _bss = .
                0x20400058                        _sbss = .
 *(.bss)
 .bss           0x20400058        0x8 /usr/lib/gcc/arm-none-eabi/13.2.1/../../../arm-none-eabi/lib/thumb/v7e-m/nofp/libc_nano.a(libc_a-mallocr.o)
                0x20400058                __malloc_sbrk_start
                0x2040005c                __malloc_free_list
 .bss           0x20400060        0x4 /usr/lib/gcc/arm-none-eabi/13.2.1/../../../arm-none-eabi/lib/thumb/v7e-m/nofp/libc_nano.a(libc_a-reent.o)
                0x20400060                errno
 .bss           0x20400064        0x4 /usr/lib/gcc/arm-none-eabi/13.2.1/../../../arm-none-eabi/lib/thumb/v7e-m/nofp/libnosys.a(sbrk.o)
                0x20400068                        _ebss = .

.bss.uxSchedulerSuspended
                0x20400068        0x4
 .bss.uxSchedulerSuspended
                0x20400068        0x4 ./Output/tasks.o

.bss.xIdleTaskHandles
                0x2040006c        0x4
 .bss.xIdleTaskHandles
                0x2040006c        0x4 ./Output/tasks.o

.bss.xNextTaskUnblockTime
                0x20400070        0x4
 .bss.xNextTaskUnblockTime
                0x20400070        0x4 ./Output/tasks.o

.bss.uxTaskNumber
                0x20400074        0x4
 .bss.uxTaskNumber
                0x20400074        0x4 ./Output/tasks.o

.bss.xNumOfOverflows
                0x20400078        0x4
 .bss.xNumOfOverflows
                0x20400078        0x4 ./Output/tasks.o

.bss.xYieldPendings
                0x2040007c        0x4
 .bss.xYieldPendings
                0x2040007c        0x4 ./Output/tasks.o

.bss.xPendedTicks
                0x20400080        0x4
 .bss.xPendedTicks
                0x20400080        0x4 ./Output/tasks.o

.bss.xSchedulerRunning
                0x20400084        0x4
 .bss.xSchedulerRunning
                0x20400084        0x4 ./Output/tasks.o

.bss.uxTopReadyPriority
                0x20400088        0x4
 .bss.uxTopReadyPriority
                0x20400088        0x4 ./Output/tasks.o

.bss.xTickCount
                0x2040008c        0x4
 .bss.xTickCount
                0x2040008c        0x4 ./Output/tasks.o

.bss.uxCurrentNumberOfTasks
                0x20400090        0x4
 .bss.uxCurrentNumberOfTasks
                0x20400090        0x4 ./Output/tasks.o

.bss.xSuspendedTaskList
                0x20400094       0x14
 .bss.xSuspendedTaskList
                0x20400094       0x14 ./Output/tasks.o

.bss.uxDeletedTasksWaitingCleanUp
                0x204000a8        0x4
 .bss.uxDeletedTasksWaitingCleanUp
                0x204000a8        0x4 ./Output/tasks.o

.bss.xTasksWaitingTermination
                0x204000ac       0x14
 .bss.xTasksWaitingTermination
                0x204000ac       0x14 ./Output/tasks.o

.bss.xPendingReadyList
                0x204000c0       0x14
 .bss.xPendingReadyList
                0x204000c0       0x14 ./Output/tasks.o

.bss.pxOverflowDelayedTaskList
                0x204000d4        0x4
 .bss.pxOverflowDelayedTaskList
                0x204000d4        0x4 ./Output/tasks.o

.bss.pxDelayedTaskList
                0x204000d8        0x4
 .bss.pxDelayedTaskList
                0x204000d8        0x4 ./Output/tasks.o

.bss.xDelayedTaskList2
                0x204000dc       0x14
 .bss.xDelayedTaskList2
                0x204000dc       0x14 ./Output/tasks.o

.bss.xDelayedTaskList1
                0x204000f0       0x14
 .bss.xDelayedTaskList1
                0x204000f0       0x14 ./Output/tasks.o

.bss.pxReadyTasksLists
                0x20400104       0xb4
 .bss.pxReadyTasksLists
                0x20400104       0xb4 ./Output/tasks.o

.bss.pxCurrentTCB
                0x204001b8        0x4
 .bss.pxCurrentTCB
                0x204001b8        0x4 ./Output/tasks.o
                0x204001b8                pxCurrentTCB

.bss.xNumberOfSuccessfulFrees
                0x204001bc        0x4
 .bss.xNumberOfSuccessfulFrees
                0x204001bc        0x4 ./Output/heap_4.o

.bss.xNumberOfSuccessfulAllocations
                0x204001c0        0x4
 .bss.xNumberOfSuccessfulAllocations
                0x204001c0        0x4 ./Output/heap_4.o

.bss.xMinimumEverFreeBytesRemaining
                0x204001c4        0x4
 .bss.xMinimumEverFreeBytesRemaining
                0x204001c4        0x4 ./Output/heap_4.o

.bss.xFreeBytesRemaining
                0x204001c8        0x4
 .bss.xFreeBytesRemaining
                0x204001c8        0x4 ./Output/heap_4.o

.bss.pxEnd      0x204001cc        0x4
 .bss.pxEnd     0x204001cc        0x4 ./Output/heap_4.o

.bss.xStart     0x204001d0        0x8
 .bss.xStart    0x204001d0        0x8 ./Output/heap_4.o

.bss.ucHeap     0x204001d8     0xf000
 .bss.ucHeap    0x204001d8     0xf000 ./Output/heap_4.o

.bss.ulMaxPRIGROUPValue
                0x2040f1d8        0x4
 .bss.ulMaxPRIGROUPValue
                0x2040f1d8        0x4 ./Output/port.o

.bss.ucMaxSysCallPriority
                0x2040f1dc        0x1
 .bss.ucMaxSysCallPriority
                0x2040f1dc        0x1 ./Output/port.o

.bss.psr        0x2040f1e0        0x4
 .bss.psr       0x2040f1e0        0x4 ./Output/startup.o
                0x2040f1e0                psr

.bss.pc         0x2040f1e4        0x4
 .bss.pc        0x2040f1e4        0x4 ./Output/startup.o
                0x2040f1e4                pc

.bss.lr         0x2040f1e8        0x4
 .bss.lr        0x2040f1e8        0x4 ./Output/startup.o
                0x2040f1e8                lr

.bss.r12        0x2040f1ec        0x4
 .bss.r12       0x2040f1ec        0x4 ./Output/startup.o
                0x2040f1ec                r12

.bss.r3         0x2040f1f0        0x4
 .bss.r3        0x2040f1f0        0x4 ./Output/startup.o
                0x2040f1f0                r3

.bss.r2         0x2040f1f4        0x4
 .bss.r2        0x2040f1f4        0x4 ./Output/startup.o
                0x2040f1f4                r2

.bss.r1         0x2040f1f8        0x4
 .bss.r1        0x2040f1f8        0x4 ./Output/startup.o
                0x2040f1f8                r1

.bss.r0         0x2040f1fc        0x4
 .bss.r0        0x2040f1fc        0x4 ./Output/startup.o
                0x2040f1fc                r0

.heap           0x2040f200      0x408
                0x2040f200                        . = ALIGN (0x8)
                0x2040f200                        PROVIDE (end = .)
                [!provide]                        PROVIDE (_end = .)
                0x2040f200                        _heap_bottom = .
                0x2040f208                        . = (. + _Min_Heap_Size)
 *fill*         0x2040f200        0x8 
                0x2040f208                        _heap_top = .
                0x2040f608                        . = (. + _Min_Stack_Size)
 *fill*         0x2040f208      0x400 
                0x2040f608                        . = ALIGN (0x8)
                0x204bd800                        __StackTop = (ORIGIN (SRAM) + LENGTH (SRAM))
                0x204bd400                        __StackLimit = (__StackTop - _Min_Stack_Size)
                [!provide]                        PROVIDE (__stack = __StackTop)
                0x00000001                        ASSERT ((__StackLimit >= _heap_top), region SRAM overflowed with stack)
OUTPUT(./Output/firmware.elf elf32-littlearm)
LOAD linker stubs

.debug_info     0x00000000     0xaed7
 .debug_info    0x00000000     0x3038 ./Output/tasks.o
 .debug_info    0x00003038      0x2b2 ./Output/list.o
 .debug_info    0x000032ea      0x5e8 ./Output/heap_4.o
 .debug_info    0x000038d2      0x461 ./Output/port.o
 .debug_info    0x00003d33      0x2ef ./Output/main.o
 .debug_info    0x00004022       0xdf ./Output/uart.o
 .debug_info    0x00004101       0xac ./Output/adc.o
 .debug_info    0x000041ad      0x1fb ./Output/startup.o
 .debug_info    0x000043a8      0x87b /usr/lib/gcc/arm-none-eabi/13.2.1/../../../arm-none-eabi/lib/thumb/v7e-m/nofp/libc_nano.a(libc_a-sprintf.o)
 .debug_info    0x00004c23      0x70b /usr/lib/gcc/arm-none-eabi/13.2.1/../../../arm-none-eabi/lib/thumb/v7e-m/nofp/libc_nano.a(libc_a-impure.o)
 .debug_info    0x0000532e     0x1092 /usr/lib/gcc/arm-none-eabi/13.2.1/../../../arm-none-eabi/lib/thumb/v7e-m/nofp/libc_nano.a(libc_a-nano-svfprintf.o)
 .debug_info    0x000063c0      0x135 /usr/lib/gcc/arm-none-eabi/13.2.1/../../../arm-none-eabi/lib/thumb/v7e-m/nofp/libc_nano.a(libc_a-memset.o)
 .debug_info    0x000064f5      0x9b6 /usr/lib/gcc/arm-none-eabi/13.2.1/../../../arm-none-eabi/lib/thumb/v7e-m/nofp/libc_nano.a(libc_a-mallocr.o)
 .debug_info    0x00006eab      0x87f /usr/lib/gcc/arm-none-eabi/13.2.1/../../../arm-none-eabi/lib/thumb/v7e-m/nofp/libc_nano.a(libc_a-freer.o)
 .debug_info    0x0000772a      0x148 /usr/lib/gcc/arm-none-eabi/13.2.1/../../../arm-none-eabi/lib/thumb/v7e-m/nofp/libc_nano.a(libc_a-memmove.o)
 .debug_info    0x00007872       0x25 /usr/lib/gcc/arm-none-eabi/13.2.1/../../../arm-none-eabi/lib/thumb/v7e-m/nofp/libc_nano.a(libc_a-memchr.o)
 .debug_info    0x00007897       0x33 /usr/lib/gcc/arm-none-eabi/13.2.1/../../../arm-none-eabi/lib/thumb/v7e-m/nofp/libc_nano.a(libc_a-memcpy.o)
 .debug_info    0x000078ca      0x8cd /usr/lib/gcc/arm-none-eabi/13.2.1/../../../arm-none-eabi/lib/thumb/v7e-m/nofp/libc_nano.a(libc_a-reallocr.o)
 .debug_info    0x00008197      0xdd7 /usr/lib/gcc/arm-none-eabi/13.2.1/../../../arm-none-eabi/lib/thumb/v7e-m/nofp/libc_nano.a(libc_a-nano-vfprintf_i.o)
 .debug_info    0x00008f6e      0x71c /usr/lib/gcc/arm-none-eabi/13.2.1/../../../arm-none-eabi/lib/thumb/v7e-m/nofp/libc_nano.a(libc_a-mlock.o)
 .debug_info    0x0000968a      0x778 /usr/lib/gcc/arm-none-eabi/13.2.1/../../../arm-none-eabi/lib/thumb/v7e-m/nofp/libc_nano.a(libc_a-sbrkr.o)
 .debug_info    0x00009e02      0x78a /usr/lib/gcc/arm-none-eabi/13.2.1/../../../arm-none-eabi/lib/thumb/v7e-m/nofp/libc_nano.a(libc_a-msizer.o)
 .debug_info    0x0000a58c      0x89f /usr/lib/gcc/arm-none-eabi/13.2.1/../../../arm-none-eabi/lib/thumb/v7e-m/nofp/libc_nano.a(libc_a-reent.o)
 .debug_info    0x0000ae2b       0xac /usr/lib/gcc/arm-none-eabi/13.2.1/../../../arm-none-eabi/lib/thumb/v7e-m/nofp/libnosys.a(sbrk.o)

.debug_abbrev   0x00000000     0x287b
 .debug_abbrev  0x00000000      0x4ff ./Output/tasks.o
 .debug_abbrev  0x000004ff      0x105 ./Output/list.o
 .debug_abbrev  0x00000604      0x2d2 ./Output/heap_4.o
 .debug_abbrev  0x000008d6      0x29c ./Output/port.o
 .debug_abbrev  0x00000b72      0x1a2 ./Output/main.o
 .debug_abbrev  0x00000d14       0x95 ./Output/uart.o
 .debug_abbrev  0x00000da9       0x6f ./Output/adc.o
 .debug_abbrev  0x00000e18      0x165 ./Output/startup.o
 .debug_abbrev  0x00000f7d      0x21c /usr/lib/gcc/arm-none-eabi/13.2.1/../../../arm-none-eabi/lib/thumb/v7e-m/nofp/libc_nano.a(libc_a-sprintf.o)
 .debug_abbrev  0x00001199      0x149 /usr/lib/gcc/arm-none-eabi/13.2.1/../../../arm-none-eabi/lib/thumb/v7e-m/nofp/libc_nano.a(libc_a-impure.o)
 .debug_abbrev  0x000012e2      0x32f /usr/lib/gcc/arm-none-eabi/13.2.1/../../../arm-none-eabi/lib/thumb/v7e-m/nofp/libc_nano.a(libc_a-nano-svfprintf.o)
 .debug_abbrev  0x00001611       0xb7 /usr/lib/gcc/arm-none-eabi/13.2.1/../../../arm-none-eabi/lib/thumb/v7e-m/nofp/libc_nano.a(libc_a-memset.o)
 .debug_abbrev  0x000016c8      0x24a /usr/lib/gcc/arm-none-eabi/13.2.1/../../../arm-none-eabi/lib/thumb/v7e-m/nofp/libc_nano.a(libc_a-mallocr.o)
 .debug_abbrev  0x00001912      0x249 /usr/lib/gcc/arm-none-eabi/13.2.1/../../../arm-none-eabi/lib/thumb/v7e-m/nofp/libc_nano.a(libc_a-freer.o)
 .debug_abbrev  0x00001b5b       0xc3 /usr/lib/gcc/arm-none-eabi/13.2.1/../../../arm-none-eabi/lib/thumb/v7e-m/nofp/libc_nano.a(libc_a-memmove.o)
 .debug_abbrev  0x00001c1e       0x14 /usr/lib/gcc/arm-none-eabi/13.2.1/../../../arm-none-eabi/lib/thumb/v7e-m/nofp/libc_nano.a(libc_a-memchr.o)
 .debug_abbrev  0x00001c32       0x28 /usr/lib/gcc/arm-none-eabi/13.2.1/../../../arm-none-eabi/lib/thumb/v7e-m/nofp/libc_nano.a(libc_a-memcpy.o)
 .debug_abbrev  0x00001c5a      0x20c /usr/lib/gcc/arm-none-eabi/13.2.1/../../../arm-none-eabi/lib/thumb/v7e-m/nofp/libc_nano.a(libc_a-reallocr.o)
 .debug_abbrev  0x00001e66      0x284 /usr/lib/gcc/arm-none-eabi/13.2.1/../../../arm-none-eabi/lib/thumb/v7e-m/nofp/libc_nano.a(libc_a-nano-vfprintf_i.o)
 .debug_abbrev  0x000020ea      0x192 /usr/lib/gcc/arm-none-eabi/13.2.1/../../../arm-none-eabi/lib/thumb/v7e-m/nofp/libc_nano.a(libc_a-mlock.o)
 .debug_abbrev  0x0000227c      0x1da /usr/lib/gcc/arm-none-eabi/13.2.1/../../../arm-none-eabi/lib/thumb/v7e-m/nofp/libc_nano.a(libc_a-sbrkr.o)
 .debug_abbrev  0x00002456      0x196 /usr/lib/gcc/arm-none-eabi/13.2.1/../../../arm-none-eabi/lib/thumb/v7e-m/nofp/libc_nano.a(libc_a-msizer.o)
 .debug_abbrev  0x000025ec      0x1ee /usr/lib/gcc/arm-none-eabi/13.2.1/../../../arm-none-eabi/lib/thumb/v7e-m/nofp/libc_nano.a(libc_a-reent.o)
 .debug_abbrev  0x000027da       0xa1 /usr/lib/gcc/arm-none-eabi/13.2.1/../../../arm-none-eabi/lib/thumb/v7e-m/nofp/libnosys.a(sbrk.o)

.debug_loclists
                0x00000000     0x3432
 .debug_loclists
                0x00000000     0x1aa9 ./Output/tasks.o
 .debug_loclists
                0x00001aa9       0x77 ./Output/list.o
 .debug_loclists
                0x00001b20      0x371 ./Output/heap_4.o
 .debug_loclists
                0x00001e91       0x8f ./Output/port.o
 .debug_loclists
                0x00001f20       0x63 ./Output/main.o
 .debug_loclists
                0x00001f83       0x32 ./Output/uart.o
 .debug_loclists
                0x00001fb5       0x29 ./Output/startup.o
 .debug_loclists
                0x00001fde       0x88 /usr/lib/gcc/arm-none-eabi/13.2.1/../../../arm-none-eabi/lib/thumb/v7e-m/nofp/libc_nano.a(libc_a-sprintf.o)
 .debug_loclists
                0x00002066      0x56b /usr/lib/gcc/arm-none-eabi/13.2.1/../../../arm-none-eabi/lib/thumb/v7e-m/nofp/libc_nano.a(libc_a-nano-svfprintf.o)
 .debug_loclists
                0x000025d1      0x1c2 /usr/lib/gcc/arm-none-eabi/13.2.1/../../../arm-none-eabi/lib/thumb/v7e-m/nofp/libc_nano.a(libc_a-memset.o)
 .debug_loclists
                0x00002793      0x263 /usr/lib/gcc/arm-none-eabi/13.2.1/../../../arm-none-eabi/lib/thumb/v7e-m/nofp/libc_nano.a(libc_a-mallocr.o)
 .debug_loclists
                0x000029f6      0x164 /usr/lib/gcc/arm-none-eabi/13.2.1/../../../arm-none-eabi/lib/thumb/v7e-m/nofp/libc_nano.a(libc_a-freer.o)
 .debug_loclists
                0x00002b5a      0x233 /usr/lib/gcc/arm-none-eabi/13.2.1/../../../arm-none-eabi/lib/thumb/v7e-m/nofp/libc_nano.a(libc_a-memmove.o)
 .debug_loclists
                0x00002d8d      0x102 /usr/lib/gcc/arm-none-eabi/13.2.1/../../../arm-none-eabi/lib/thumb/v7e-m/nofp/libc_nano.a(libc_a-reallocr.o)
 .debug_loclists
                0x00002e8f      0x44f /usr/lib/gcc/arm-none-eabi/13.2.1/../../../arm-none-eabi/lib/thumb/v7e-m/nofp/libc_nano.a(libc_a-nano-vfprintf_i.o)
 .debug_loclists
                0x000032de       0x4b /usr/lib/gcc/arm-none-eabi/13.2.1/../../../arm-none-eabi/lib/thumb/v7e-m/nofp/libc_nano.a(libc_a-sbrkr.o)
 .debug_loclists
                0x00003329       0x59 /usr/lib/gcc/arm-none-eabi/13.2.1/../../../arm-none-eabi/lib/thumb/v7e-m/nofp/libc_nano.a(libc_a-msizer.o)
 .debug_loclists
                0x00003382       0x80 /usr/lib/gcc/arm-none-eabi/13.2.1/../../../arm-none-eabi/lib/thumb/v7e-m/nofp/libc_nano.a(libc_a-reent.o)
 .debug_loclists
                0x00003402       0x30 /usr/lib/gcc/arm-none-eabi/13.2.1/../../../arm-none-eabi/lib/thumb/v7e-m/nofp/libnosys.a(sbrk.o)

.debug_aranges  0x00000000      0x5b8
 .debug_aranges
                0x00000000      0x1f0 ./Output/tasks.o
 .debug_aranges
                0x000001f0       0x40 ./Output/list.o
 .debug_aranges
                0x00000230       0x60 ./Output/heap_4.o
 .debug_aranges
                0x00000290       0x78 ./Output/port.o
 .debug_aranges
                0x00000308       0x28 ./Output/main.o
 .debug_aranges
                0x00000330       0x30 ./Output/uart.o
 .debug_aranges
                0x00000360       0x28 ./Output/adc.o
 .debug_aranges
                0x00000388       0x38 ./Output/startup.o
 .debug_aranges
                0x000003c0       0x20 /usr/lib/gcc/arm-none-eabi/13.2.1/../../../arm-none-eabi/lib/thumb/v7e-m/nofp/libc_nano.a(libc_a-sprintf.o)
 .debug_aranges
                0x000003e0       0x18 /usr/lib/gcc/arm-none-eabi/13.2.1/../../../arm-none-eabi/lib/thumb/v7e-m/nofp/libc_nano.a(libc_a-impure.o)
 .debug_aranges
                0x000003f8       0x20 /usr/lib/gcc/arm-none-eabi/13.2.1/../../../arm-none-eabi/lib/thumb/v7e-m/nofp/libc_nano.a(libc_a-nano-svfprintf.o)
 .debug_aranges
                0x00000418       0x20 /usr/lib/gcc/arm-none-eabi/13.2.1/../../../arm-none-eabi/lib/thumb/v7e-m/nofp/libc_nano.a(libc_a-memset.o)
 .debug_aranges
                0x00000438       0x20 /usr/lib/gcc/arm-none-eabi/13.2.1/../../../arm-none-eabi/lib/thumb/v7e-m/nofp/libc_nano.a(libc_a-mallocr.o)
 .debug_aranges
                0x00000458       0x20 /usr/lib/gcc/arm-none-eabi/13.2.1/../../../arm-none-eabi/lib/thumb/v7e-m/nofp/libc_nano.a(libc_a-freer.o)
 .debug_aranges
                0x00000478       0x20 /usr/lib/gcc/arm-none-eabi/13.2.1/../../../arm-none-eabi/lib/thumb/v7e-m/nofp/libc_nano.a(libc_a-memmove.o)
 .debug_aranges
                0x00000498       0x20 /usr/lib/gcc/arm-none-eabi/13.2.1/../../../arm-none-eabi/lib/thumb/v7e-m/nofp/libc_nano.a(libc_a-memchr.o)
 .debug_aranges
                0x000004b8       0x20 /usr/lib/gcc/arm-none-eabi/13.2.1/../../../arm-none-eabi/lib/thumb/v7e-m/nofp/libc_nano.a(libc_a-memcpy.o)
 .debug_aranges
                0x000004d8       0x20 /usr/lib/gcc/arm-none-eabi/13.2.1/../../../arm-none-eabi/lib/thumb/v7e-m/nofp/libc_nano.a(libc_a-reallocr.o)
 .debug_aranges
                0x000004f8       0x20 /usr/lib/gcc/arm-none-eabi/13.2.1/../../../arm-none-eabi/lib/thumb/v7e-m/nofp/libc_nano.a(libc_a-nano-vfprintf_i.o)
 .debug_aranges
                0x00000518       0x20 /usr/lib/gcc/arm-none-eabi/13.2.1/../../../arm-none-eabi/lib/thumb/v7e-m/nofp/libc_nano.a(libc_a-mlock.o)
 .debug_aranges
                0x00000538       0x20 /usr/lib/gcc/arm-none-eabi/13.2.1/../../../arm-none-eabi/lib/thumb/v7e-m/nofp/libc_nano.a(libc_a-sbrkr.o)
 .debug_aranges
                0x00000558       0x20 /usr/lib/gcc/arm-none-eabi/13.2.1/../../../arm-none-eabi/lib/thumb/v7e-m/nofp/libc_nano.a(libc_a-msizer.o)
 .debug_aranges
                0x00000578       0x20 /usr/lib/gcc/arm-none-eabi/13.2.1/../../../arm-none-eabi/lib/thumb/v7e-m/nofp/libc_nano.a(libc_a-reent.o)
 .debug_aranges
                0x00000598       0x20 /usr/lib/gcc/arm-none-eabi/13.2.1/../../../arm-none-eabi/lib/thumb/v7e-m/nofp/libnosys.a(sbrk.o)

.debug_rnglists
                0x00000000      0x530
 .debug_rnglists
                0x00000000      0x2e5 ./Output/tasks.o
 .debug_rnglists
                0x000002e5       0x2b ./Output/list.o
 .debug_rnglists
                0x00000310       0x52 ./Output/heap_4.o
 .debug_rnglists
                0x00000362       0x7f ./Output/port.o
 .debug_rnglists
                0x000003e1       0x19 ./Output/main.o
 .debug_rnglists
                0x000003fa       0x1f ./Output/uart.o
 .debug_rnglists
                0x00000419       0x19 ./Output/adc.o
 .debug_rnglists
                0x00000432       0x25 ./Output/startup.o
 .debug_rnglists
                0x00000457       0x42 /usr/lib/gcc/arm-none-eabi/13.2.1/../../../arm-none-eabi/lib/thumb/v7e-m/nofp/libc_nano.a(libc_a-nano-svfprintf.o)
 .debug_rnglists
                0x00000499       0x1e /usr/lib/gcc/arm-none-eabi/13.2.1/../../../arm-none-eabi/lib/thumb/v7e-m/nofp/libc_nano.a(libc_a-mallocr.o)
 .debug_rnglists
                0x000004b7       0x13 /usr/lib/gcc/arm-none-eabi/13.2.1/../../../arm-none-eabi/lib/thumb/v7e-m/nofp/libc_nano.a(libc_a-freer.o)
 .debug_rnglists
                0x000004ca       0x66 /usr/lib/gcc/arm-none-eabi/13.2.1/../../../arm-none-eabi/lib/thumb/v7e-m/nofp/libc_nano.a(libc_a-nano-vfprintf_i.o)

.debug_macro    0x00000000     0x3ecf
 .debug_macro   0x00000000      0x290 ./Output/tasks.o
 .debug_macro   0x00000290      0xac0 ./Output/tasks.o
 .debug_macro   0x00000d50       0x24 ./Output/tasks.o
 .debug_macro   0x00000d74       0x22 ./Output/tasks.o
 .debug_macro   0x00000d96       0x60 ./Output/tasks.o
 .debug_macro   0x00000df6       0x94 ./Output/tasks.o
 .debug_macro   0x00000e8a       0x3c ./Output/tasks.o
 .debug_macro   0x00000ec6       0x34 ./Output/tasks.o
 .debug_macro   0x00000efa       0x16 ./Output/tasks.o
 .debug_macro   0x00000f10      0x11c ./Output/tasks.o
 .debug_macro   0x0000102c       0x9b ./Output/tasks.o
 .debug_macro   0x000010c7       0x57 ./Output/tasks.o
 .debug_macro   0x0000111e      0x370 ./Output/tasks.o
 .debug_macro   0x0000148e       0x16 ./Output/tasks.o
 .debug_macro   0x000014a4       0x4a ./Output/tasks.o
 .debug_macro   0x000014ee       0x34 ./Output/tasks.o
 .debug_macro   0x00001522       0x10 ./Output/tasks.o
 .debug_macro   0x00001532       0x52 ./Output/tasks.o
 .debug_macro   0x00001584      0x1de ./Output/tasks.o
 .debug_macro   0x00001762       0x16 ./Output/tasks.o
 .debug_macro   0x00001778       0x29 ./Output/tasks.o
 .debug_macro   0x000017a1       0x16 ./Output/tasks.o
 .debug_macro   0x000017b7       0x3c ./Output/tasks.o
 .debug_macro   0x000017f3      0x34e ./Output/tasks.o
 .debug_macro   0x00001b41       0x16 ./Output/tasks.o
 .debug_macro   0x00001b57      0x164 ./Output/tasks.o
 .debug_macro   0x00001cbb       0x22 ./Output/tasks.o
 .debug_macro   0x00001cdd      0x182 ./Output/tasks.o
 .debug_macro   0x00001e5f       0xe7 ./Output/tasks.o
 .debug_macro   0x00001f46       0x3a ./Output/tasks.o
 .debug_macro   0x00001f80       0x1f ./Output/tasks.o
 .debug_macro   0x00001f9f       0x12 ./Output/tasks.o
 .debug_macro   0x00001fb1      0xfec ./Output/tasks.o
 .debug_macro   0x00002f9d       0xc3 ./Output/tasks.o
 .debug_macro   0x00003060      0x14f ./Output/tasks.o
 .debug_macro   0x000031af       0x98 ./Output/tasks.o
 .debug_macro   0x00003247       0x17 ./Output/tasks.o
 .debug_macro   0x0000325e      0x171 ./Output/list.o
 .debug_macro   0x000033cf      0x201 ./Output/heap_4.o
 .debug_macro   0x000035d0      0x162 ./Output/port.o
 .debug_macro   0x00003732      0x190 ./Output/port.o
 .debug_macro   0x000038c2      0x198 ./Output/main.o
 .debug_macro   0x00003a5a       0x16 ./Output/main.o
 .debug_macro   0x00003a70       0x10 ./Output/main.o
 .debug_macro   0x00003a80       0x16 ./Output/main.o
 .debug_macro   0x00003a96       0x16 ./Output/main.o
 .debug_macro   0x00003aac      0x170 ./Output/main.o
 .debug_macro   0x00003c1c       0x2e ./Output/main.o
 .debug_macro   0x00003c4a       0x5e ./Output/main.o
 .debug_macro   0x00003ca8       0x8d ./Output/uart.o
 .debug_macro   0x00003d35       0x28 ./Output/uart.o
 .debug_macro   0x00003d5d       0x8d ./Output/adc.o
 .debug_macro   0x00003dea       0x58 ./Output/adc.o
 .debug_macro   0x00003e42       0x8d ./Output/startup.o

.debug_line     0x00000000     0x6c5d
 .debug_line    0x00000000     0x2aa6 ./Output/tasks.o
 .debug_line    0x00002aa6      0x441 ./Output/list.o
 .debug_line    0x00002ee7      0x85b ./Output/heap_4.o
 .debug_line    0x00003742      0x52a ./Output/port.o
 .debug_line    0x00003c6c      0x2d7 ./Output/main.o
 .debug_line    0x00003f43      0x1bd ./Output/uart.o
 .debug_line    0x00004100      0x17d ./Output/adc.o
 .debug_line    0x0000427d      0x1f2 ./Output/startup.o
 .debug_line    0x0000446f      0x224 /usr/lib/gcc/arm-none-eabi/13.2.1/../../../arm-none-eabi/lib/thumb/v7e-m/nofp/libc_nano.a(libc_a-sprintf.o)
 .debug_line    0x00004693       0xe7 /usr/lib/gcc/arm-none-eabi/13.2.1/../../../arm-none-eabi/lib/thumb/v7e-m/nofp/libc_nano.a(libc_a-impure.o)
 .debug_line    0x0000477a      0x854 /usr/lib/gcc/arm-none-eabi/13.2.1/../../../arm-none-eabi/lib/thumb/v7e-m/nofp/libc_nano.a(libc_a-nano-svfprintf.o)
 .debug_line    0x00004fce      0x1b6 /usr/lib/gcc/arm-none-eabi/13.2.1/../../../arm-none-eabi/lib/thumb/v7e-m/nofp/libc_nano.a(libc_a-memset.o)
 .debug_line    0x00005184      0x446 /usr/lib/gcc/arm-none-eabi/13.2.1/../../../arm-none-eabi/lib/thumb/v7e-m/nofp/libc_nano.a(libc_a-mallocr.o)
 .debug_line    0x000055ca      0x2c3 /usr/lib/gcc/arm-none-eabi/13.2.1/../../../arm-none-eabi/lib/thumb/v7e-m/nofp/libc_nano.a(libc_a-freer.o)
 .debug_line    0x0000588d      0x1f1 /usr/lib/gcc/arm-none-eabi/13.2.1/../../../arm-none-eabi/lib/thumb/v7e-m/nofp/libc_nano.a(libc_a-memmove.o)
 .debug_line    0x00005a7e       0x84 /usr/lib/gcc/arm-none-eabi/13.2.1/../../../arm-none-eabi/lib/thumb/v7e-m/nofp/libc_nano.a(libc_a-memchr.o)
 .debug_line    0x00005b02       0xb9 /usr/lib/gcc/arm-none-eabi/13.2.1/../../../arm-none-eabi/lib/thumb/v7e-m/nofp/libc_nano.a(libc_a-memcpy.o)
 .debug_line    0x00005bbb      0x1f8 /usr/lib/gcc/arm-none-eabi/13.2.1/../../../arm-none-eabi/lib/thumb/v7e-m/nofp/libc_nano.a(libc_a-reallocr.o)
 .debug_line    0x00005db3      0x75d /usr/lib/gcc/arm-none-eabi/13.2.1/../../../arm-none-eabi/lib/thumb/v7e-m/nofp/libc_nano.a(libc_a-nano-vfprintf_i.o)
 .debug_line    0x00006510      0x153 /usr/lib/gcc/arm-none-eabi/13.2.1/../../../arm-none-eabi/lib/thumb/v7e-m/nofp/libc_nano.a(libc_a-mlock.o)
 .debug_line    0x00006663      0x193 /usr/lib/gcc/arm-none-eabi/13.2.1/../../../arm-none-eabi/lib/thumb/v7e-m/nofp/libc_nano.a(libc_a-sbrkr.o)
 .debug_line    0x000067f6      0x176 /usr/lib/gcc/arm-none-eabi/13.2.1/../../../arm-none-eabi/lib/thumb/v7e-m/nofp/libc_nano.a(libc_a-msizer.o)
 .debug_line    0x0000696c      0x27b /usr/lib/gcc/arm-none-eabi/13.2.1/../../../arm-none-eabi/lib/thumb/v7e-m/nofp/libc_nano.a(libc_a-reent.o)
 .debug_line    0x00006be7       0x76 /usr/lib/gcc/arm-none-eabi/13.2.1/../../../arm-none-eabi/lib/thumb/v7e-m/nofp/libnosys.a(sbrk.o)

.debug_str      0x00000000    0x15b67
 .debug_str     0x00000000    0x15b67 ./Output/tasks.o
                              0x136c4 (size before relaxing)
 .debug_str     0x00015b67     0xff6e ./Output/list.o
 .debug_str     0x00015b67    0x11a87 ./Output/heap_4.o
 .debug_str     0x00015b67     0xed92 ./Output/port.o
 .debug_str     0x00015b67    0x11cf8 ./Output/main.o
 .debug_str     0x00015b67     0xc622 ./Output/uart.o
 .debug_str     0x00015b67     0xc6a0 ./Output/adc.o
 .debug_str     0x00015b67     0xc6bd ./Output/startup.o
 .debug_str     0x00015b67      0x4f5 /usr/lib/gcc/arm-none-eabi/13.2.1/../../../arm-none-eabi/lib/thumb/v7e-m/nofp/libc_nano.a(libc_a-sprintf.o)
 .debug_str     0x00015b67      0x4b6 /usr/lib/gcc/arm-none-eabi/13.2.1/../../../arm-none-eabi/lib/thumb/v7e-m/nofp/libc_nano.a(libc_a-impure.o)
 .debug_str     0x00015b67      0x7ff /usr/lib/gcc/arm-none-eabi/13.2.1/../../../arm-none-eabi/lib/thumb/v7e-m/nofp/libc_nano.a(libc_a-nano-svfprintf.o)
 .debug_str     0x00015b67      0x1a7 /usr/lib/gcc/arm-none-eabi/13.2.1/../../../arm-none-eabi/lib/thumb/v7e-m/nofp/libc_nano.a(libc_a-memset.o)
 .debug_str     0x00015b67      0x597 /usr/lib/gcc/arm-none-eabi/13.2.1/../../../arm-none-eabi/lib/thumb/v7e-m/nofp/libc_nano.a(libc_a-mallocr.o)
 .debug_str     0x00015b67      0x536 /usr/lib/gcc/arm-none-eabi/13.2.1/../../../arm-none-eabi/lib/thumb/v7e-m/nofp/libc_nano.a(libc_a-freer.o)
 .debug_str     0x00015b67      0x1c6 /usr/lib/gcc/arm-none-eabi/13.2.1/../../../arm-none-eabi/lib/thumb/v7e-m/nofp/libc_nano.a(libc_a-memmove.o)
 .debug_str     0x00015b67       0x9b /usr/lib/gcc/arm-none-eabi/13.2.1/../../../arm-none-eabi/lib/thumb/v7e-m/nofp/libc_nano.a(libc_a-memchr.o)
 .debug_str     0x00015b67       0xa9 /usr/lib/gcc/arm-none-eabi/13.2.1/../../../arm-none-eabi/lib/thumb/v7e-m/nofp/libc_nano.a(libc_a-memcpy.o)
 .debug_str     0x00015b67      0x52c /usr/lib/gcc/arm-none-eabi/13.2.1/../../../arm-none-eabi/lib/thumb/v7e-m/nofp/libc_nano.a(libc_a-reallocr.o)
 .debug_str     0x00015b67      0x795 /usr/lib/gcc/arm-none-eabi/13.2.1/../../../arm-none-eabi/lib/thumb/v7e-m/nofp/libc_nano.a(libc_a-nano-vfprintf_i.o)
 .debug_str     0x00015b67      0x4d4 /usr/lib/gcc/arm-none-eabi/13.2.1/../../../arm-none-eabi/lib/thumb/v7e-m/nofp/libc_nano.a(libc_a-mlock.o)
 .debug_str     0x00015b67      0x4bf /usr/lib/gcc/arm-none-eabi/13.2.1/../../../arm-none-eabi/lib/thumb/v7e-m/nofp/libc_nano.a(libc_a-sbrkr.o)
 .debug_str     0x00015b67      0x4ff /usr/lib/gcc/arm-none-eabi/13.2.1/../../../arm-none-eabi/lib/thumb/v7e-m/nofp/libc_nano.a(libc_a-msizer.o)
 .debug_str     0x00015b67      0x4d5 /usr/lib/gcc/arm-none-eabi/13.2.1/../../../arm-none-eabi/lib/thumb/v7e-m/nofp/libc_nano.a(libc_a-reent.o)
 .debug_str     0x00015b67      0x117 /usr/lib/gcc/arm-none-eabi/13.2.1/../../../arm-none-eabi/lib/thumb/v7e-m/nofp/libnosys.a(sbrk.o)

.comment        0x00000000       0x26
 .comment       0x00000000       0x26 ./Output/tasks.o
                                 0x27 (size before relaxing)
 .comment       0x00000026       0x27 ./Output/list.o
 .comment       0x00000026       0x27 ./Output/heap_4.o
 .comment       0x00000026       0x27 ./Output/port.o
 .comment       0x00000026       0x27 ./Output/main.o
 .comment       0x00000026       0x27 ./Output/uart.o
 .comment       0x00000026       0x27 ./Output/adc.o
 .comment       0x00000026       0x27 ./Output/startup.o
 .comment       0x00000026       0x27 /usr/lib/gcc/arm-none-eabi/13.2.1/../../../arm-none-eabi/lib/thumb/v7e-m/nofp/libc_nano.a(libc_a-sprintf.o)
 .comment       0x00000026       0x27 /usr/lib/gcc/arm-none-eabi/13.2.1/../../../arm-none-eabi/lib/thumb/v7e-m/nofp/libc_nano.a(libc_a-impure.o)
 .comment       0x00000026       0x27 /usr/lib/gcc/arm-none-eabi/13.2.1/../../../arm-none-eabi/lib/thumb/v7e-m/nofp/libc_nano.a(libc_a-nano-svfprintf.o)
 .comment       0x00000026       0x27 /usr/lib/gcc/arm-none-eabi/13.2.1/../../../arm-none-eabi/lib/thumb/v7e-m/nofp/libc_nano.a(libc_a-memset.o)
 .comment       0x00000026       0x27 /usr/lib/gcc/arm-none-eabi/13.2.1/../../../arm-none-eabi/lib/thumb/v7e-m/nofp/libc_nano.a(libc_a-mallocr.o)
 .comment       0x00000026       0x27 /usr/lib/gcc/arm-none-eabi/13.2.1/../../../arm-none-eabi/lib/thumb/v7e-m/nofp/libc_nano.a(libc_a-freer.o)
 .comment       0x00000026       0x27 /usr/lib/gcc/arm-none-eabi/13.2.1/../../../arm-none-eabi/lib/thumb/v7e-m/nofp/libc_nano.a(libc_a-memmove.o)
 .comment       0x00000026       0x27 /usr/lib/gcc/arm-none-eabi/13.2.1/../../../arm-none-eabi/lib/thumb/v7e-m/nofp/libc_nano.a(libc_a-reallocr.o)
 .comment       0x00000026       0x27 /usr/lib/gcc/arm-none-eabi/13.2.1/../../../arm-none-eabi/lib/thumb/v7e-m/nofp/libc_nano.a(libc_a-nano-vfprintf_i.o)
 .comment       0x00000026       0x27 /usr/lib/gcc/arm-none-eabi/13.2.1/../../../arm-none-eabi/lib/thumb/v7e-m/nofp/libc_nano.a(libc_a-mlock.o)
 .comment       0x00000026       0x27 /usr/lib/gcc/arm-none-eabi/13.2.1/../../../arm-none-eabi/lib/thumb/v7e-m/nofp/libc_nano.a(libc_a-sbrkr.o)
 .comment       0x00000026       0x27 /usr/lib/gcc/arm-none-eabi/13.2.1/../../../arm-none-eabi/lib/thumb/v7e-m/nofp/libc_nano.a(libc_a-msizer.o)
 .comment       0x00000026       0x27 /usr/lib/gcc/arm-none-eabi/13.2.1/../../../arm-none-eabi/lib/thumb/v7e-m/nofp/libc_nano.a(libc_a-reent.o)
 .comment       0x00000026       0x27 /usr/lib/gcc/arm-none-eabi/13.2.1/../../../arm-none-eabi/lib/thumb/v7e-m/nofp/libnosys.a(sbrk.o)

.ARM.attributes
                0x00000000       0x2c
 .ARM.attributes
                0x00000000       0x2e ./Output/tasks.o
 .ARM.attributes
                0x0000002e       0x2e ./Output/list.o
 .ARM.attributes
                0x0000005c       0x2e ./Output/heap_4.o
 .ARM.attributes
                0x0000008a       0x2e ./Output/port.o
 .ARM.attributes
                0x000000b8       0x2e ./Output/main.o
 .ARM.attributes
                0x000000e6       0x2e ./Output/uart.o
 .ARM.attributes
                0x00000114       0x2e ./Output/adc.o
 .ARM.attributes
                0x00000142       0x2e ./Output/startup.o
 .ARM.attributes
                0x00000170       0x2e /usr/lib/gcc/arm-none-eabi/13.2.1/../../../arm-none-eabi/lib/thumb/v7e-m/nofp/libc_nano.a(libc_a-sprintf.o)
 .ARM.attributes
                0x0000019e       0x2e /usr/lib/gcc/arm-none-eabi/13.2.1/../../../arm-none-eabi/lib/thumb/v7e-m/nofp/libc_nano.a(libc_a-impure.o)
 .ARM.attributes
                0x000001cc       0x2e /usr/lib/gcc/arm-none-eabi/13.2.1/../../../arm-none-eabi/lib/thumb/v7e-m/nofp/libc_nano.a(libc_a-nano-svfprintf.o)
 .ARM.attributes
                0x000001fa       0x2e /usr/lib/gcc/arm-none-eabi/13.2.1/../../../arm-none-eabi/lib/thumb/v7e-m/nofp/libc_nano.a(libc_a-memset.o)
 .ARM.attributes
                0x00000228       0x2e /usr/lib/gcc/arm-none-eabi/13.2.1/../../../arm-none-eabi/lib/thumb/v7e-m/nofp/libc_nano.a(libc_a-mallocr.o)
 .ARM.attributes
                0x00000256       0x2e /usr/lib/gcc/arm-none-eabi/13.2.1/../../../arm-none-eabi/lib/thumb/v7e-m/nofp/libc_nano.a(libc_a-freer.o)
 .ARM.attributes
                0x00000284       0x2e /usr/lib/gcc/arm-none-eabi/13.2.1/../../../arm-none-eabi/lib/thumb/v7e-m/nofp/libc_nano.a(libc_a-memmove.o)
 .ARM.attributes
                0x000002b2       0x1c /usr/lib/gcc/arm-none-eabi/13.2.1/../../../arm-none-eabi/lib/thumb/v7e-m/nofp/libc_nano.a(libc_a-memchr.o)
 .ARM.attributes
                0x000002ce       0x1c /usr/lib/gcc/arm-none-eabi/13.2.1/../../../arm-none-eabi/lib/thumb/v7e-m/nofp/libc_nano.a(libc_a-memcpy.o)
 .ARM.attributes
                0x000002ea       0x2e /usr/lib/gcc/arm-none-eabi/13.2.1/../../../arm-none-eabi/lib/thumb/v7e-m/nofp/libc_nano.a(libc_a-reallocr.o)
 .ARM.attributes
                0x00000318       0x2e /usr/lib/gcc/arm-none-eabi/13.2.1/../../../arm-none-eabi/lib/thumb/v7e-m/nofp/libc_nano.a(libc_a-nano-vfprintf_i.o)
 .ARM.attributes
                0x00000346       0x2e /usr/lib/gcc/arm-none-eabi/13.2.1/../../../arm-none-eabi/lib/thumb/v7e-m/nofp/libc_nano.a(libc_a-mlock.o)
 .ARM.attributes
                0x00000374       0x2e /usr/lib/gcc/arm-none-eabi/13.2.1/../../../arm-none-eabi/lib/thumb/v7e-m/nofp/libc_nano.a(libc_a-sbrkr.o)
 .ARM.attributes
                0x000003a2       0x2e /usr/lib/gcc/arm-none-eabi/13.2.1/../../../arm-none-eabi/lib/thumb/v7e-m/nofp/libc_nano.a(libc_a-msizer.o)
 .ARM.attributes
                0x000003d0       0x2e /usr/lib/gcc/arm-none-eabi/13.2.1/../../../arm-none-eabi/lib/thumb/v7e-m/nofp/libc_nano.a(libc_a-reent.o)
 .ARM.attributes
                0x000003fe       0x2e /usr/lib/gcc/arm-none-eabi/13.2.1/../../../arm-none-eabi/lib/thumb/v7e-m/nofp/libnosys.a(sbrk.o)

.debug_frame    0x00000000      0xd44
 .debug_frame   0x00000000      0x648 ./Output/tasks.o
 .debug_frame   0x00000648       0x6c ./Output/list.o
 .debug_frame   0x000006b4       0xf4 ./Output/heap_4.o
 .debug_frame   0x000007a8       0xf0 ./Output/port.o
 .debug_frame   0x00000898       0x40 ./Output/main.o
 .debug_frame   0x000008d8       0x40 ./Output/uart.o
 .debug_frame   0x00000918       0x30 ./Output/adc.o
 .debug_frame   0x00000948       0x58 ./Output/startup.o
 .debug_frame   0x000009a0       0x78 /usr/lib/gcc/arm-none-eabi/13.2.1/../../../arm-none-eabi/lib/thumb/v7e-m/nofp/libc_nano.a(libc_a-sprintf.o)
 .debug_frame   0x00000a18       0x98 /usr/lib/gcc/arm-none-eabi/13.2.1/../../../arm-none-eabi/lib/thumb/v7e-m/nofp/libc_nano.a(libc_a-nano-svfprintf.o)
 .debug_frame   0x00000ab0       0x2c /usr/lib/gcc/arm-none-eabi/13.2.1/../../../arm-none-eabi/lib/thumb/v7e-m/nofp/libc_nano.a(libc_a-memset.o)
 .debug_frame   0x00000adc       0x50 /usr/lib/gcc/arm-none-eabi/13.2.1/../../../arm-none-eabi/lib/thumb/v7e-m/nofp/libc_nano.a(libc_a-mallocr.o)
 .debug_frame   0x00000b2c       0x58 /usr/lib/gcc/arm-none-eabi/13.2.1/../../../arm-none-eabi/lib/thumb/v7e-m/nofp/libc_nano.a(libc_a-freer.o)
 .debug_frame   0x00000b84       0x40 /usr/lib/gcc/arm-none-eabi/13.2.1/../../../arm-none-eabi/lib/thumb/v7e-m/nofp/libc_nano.a(libc_a-memmove.o)
 .debug_frame   0x00000bc4       0x38 /usr/lib/gcc/arm-none-eabi/13.2.1/../../../arm-none-eabi/lib/thumb/v7e-m/nofp/libc_nano.a(libc_a-reallocr.o)
 .debug_frame   0x00000bfc       0x6c /usr/lib/gcc/arm-none-eabi/13.2.1/../../../arm-none-eabi/lib/thumb/v7e-m/nofp/libc_nano.a(libc_a-nano-vfprintf_i.o)
 .debug_frame   0x00000c68       0x30 /usr/lib/gcc/arm-none-eabi/13.2.1/../../../arm-none-eabi/lib/thumb/v7e-m/nofp/libc_nano.a(libc_a-mlock.o)
 .debug_frame   0x00000c98       0x2c /usr/lib/gcc/arm-none-eabi/13.2.1/../../../arm-none-eabi/lib/thumb/v7e-m/nofp/libc_nano.a(libc_a-sbrkr.o)
 .debug_frame   0x00000cc4       0x20 /usr/lib/gcc/arm-none-eabi/13.2.1/../../../arm-none-eabi/lib/thumb/v7e-m/nofp/libc_nano.a(libc_a-msizer.o)
 .debug_frame   0x00000ce4       0x40 /usr/lib/gcc/arm-none-eabi/13.2.1/../../../arm-none-eabi/lib/thumb/v7e-m/nofp/libc_nano.a(libc_a-reent.o)
 .debug_frame   0x00000d24       0x20 /usr/lib/gcc/arm-none-eabi/13.2.1/../../../arm-none-eabi/lib/thumb/v7e-m/nofp/libnosys.a(sbrk.o)

.debug_line_str
                0x00000000       0x9f
 .debug_line_str
                0x00000000       0x9f /usr/lib/gcc/arm-none-eabi/13.2.1/../../../arm-none-eabi/lib/thumb/v7e-m/nofp/libc_nano.a(libc_a-memchr.o)
                                 0x8f (size before relaxing)
 .debug_line_str
                0x0000009f       0x96 /usr/lib/gcc/arm-none-eabi/13.2.1/../../../arm-none-eabi/lib/thumb/v7e-m/nofp/libc_nano.a(libc_a-memcpy.o)
